Microchip MPLAB XC8 Compiler V2.05 ()

Linker command line:

-W-3 --edf=C:\Program Files (x86)\Microchip\xc8\v2.05\pic\dat\en_msgs.txt \
  -cs -h+dist/default/production\Caja_fuerte.X.production.sym \
  --cmf=dist/default/production\Caja_fuerte.X.production.cmf -z -Q16F877A \
  -oC:\Users\Xizuth\AppData\Local\Temp\s3g0.2 --defsym=__MPLAB_BUILD=1 \
  -Mdist/default/production/Caja_fuerte.X.production.map -E1 -ver=XC8 \
  --acfsm=1493 -ASTACK=0110h-016Fh -pstack=STACK -ACODE=00h-07FFhx4 \
  -ASTRCODE=00h-01FFFh -ASTRING=00h-0FFhx32 -ACONST=00h-0FFhx32 \
  -AENTRY=00h-0FFhx32 -ACOMMON=070h-07Fh -ABANK0=020h-06Fh \
  -ABANK1=0A0h-0EFh -ABANK2=0110h-016Fh -ABANK3=0190h-01EFh \
  -ARAM=020h-06Fh,0A0h-0EFh,0110h-016Fh,0190h-01EFh \
  -AABS1=020h-07Fh,0A0h-0EFh,0110h-016Fh,0190h-01EFh -ASFR0=00h-01Fh \
  -ASFR1=080h-09Fh -ASFR2=0100h-010Fh -ASFR3=0180h-018Fh \
  -preset_vec=00h,intentry,init,end_init -ppowerup=CODE -pcinit=CODE \
  -pfunctab=ENTRY -ACONFIG=02007h-02007h -pconfig=CONFIG -DCONFIG=2 \
  -AIDLOC=02000h-02003h -pidloc=IDLOC -DIDLOC=2 -AEEDATA=00h-0FFh/02100h \
  -peeprom_data=EEDATA -DEEDATA=2 -DCODE=2 -DSTRCODE=2 -DSTRING=2 -DCONST=2 \
  -DENTRY=2 -k C:\Users\Xizuth\AppData\Local\Temp\s3g0.o \
  dist/default/production\Caja_fuerte.X.production.o 

Object code version is 3.11

Machine type is 16F877A



                Name                               Link     Load   Length Selector   Space Scale
C:\Users\Xizuth\AppData\Local\Temp\s3g0.o
                end_init                              0        0        3        0       0
                config                             2007     2007        1     400E       0
dist/default/production\Caja_fuerte.X.production.o
                cinit                               7F8      7F8        8      FF0       0
                text9                               596      596       7F      B2C       0
                text8                               44E      44E       10      89C       0
                text7                               45E      45E       1A      8BC       0
                text6                               478      478       1A      8F0       0
                text5                               443      443        B      886       0
                text4                               535      535       61      A6A       0
                text3                               4B4      4B4       37      968       0
                text2                               492      492       22      924       0
                text1                               4EB      4EB       4A      9D6       0
                maintext                            615      615      1E3      C2A       0
                cstackBANK0                          20       20        9       20       1
                cstackCOMMON                         70       70        E       70       1
                bssBANK0                             29       29        2       20       1
                strings                               3        3       8B        6       0

TOTAL           Name                               Link     Load   Length     Space
        CLASS   STACK          

        CLASS   CODE           
                end_init                              0        0        3         0
                cinit                               7F8      7F8        8         0
                text9                               596      596       7F         0
                text8                               44E      44E       10         0
                text7                               45E      45E       1A         0
                text6                               478      478       1A         0
                text5                               443      443        B         0
                text4                               535      535       61         0
                text3                               4B4      4B4       37         0
                text2                               492      492       22         0
                text1                               4EB      4EB       4A         0
                maintext                            615      615      1E3         0

        CLASS   STRCODE        

        CLASS   STRING         
                strings                               3        3       8B         0

        CLASS   CONST          

        CLASS   ENTRY          

        CLASS   COMMON         
                cstackCOMMON                         70       70        E         1

        CLASS   BANK0          
                cstackBANK0                          20       20        9         1
                bssBANK0                             29       29        2         1

        CLASS   BANK1          

        CLASS   BANK2          

        CLASS   BANK3          

        CLASS   RAM            

        CLASS   ABS1           
                abs_s1                               7E       7E        2         1

        CLASS   SFR0           

        CLASS   SFR1           

        CLASS   SFR2           

        CLASS   SFR3           

        CLASS   CONFIG         
                config                             2007     2007        1         0

        CLASS   IDLOC          

        CLASS   EEDATA         



SEGMENTS        Name                           Load    Length   Top    Selector   Space  Class     Delta

                reset_vec                      000000  000003  000003         0       0  CODE        2
                strings                        000003  00008B  00008E         6       0  STRING      2
                cstackBANK0                    000020  00000B  00002B        20       1  BANK0       1
                cstackCOMMON                   000070  00000E  00007E        70       1  COMMON      1
                text5                          000443  00000B  00044E       886       0  CODE        2
                text8                          00044E  000010  00045E       89C       0  CODE        2
                text7                          00045E  00001A  000478       8BC       0  CODE        2
                text6                          000478  00001A  000492       8F0       0  CODE        2
                text2                          000492  000022  0004B4       924       0  CODE        2
                text3                          0004B4  000037  0004EB       968       0  CODE        2
                text1                          0004EB  00004A  000535       9D6       0  CODE        2
                text4                          000535  000061  000596       A6A       0  CODE        2
                text9                          000596  00007F  000615       B2C       0  CODE        2
                maintext                       000615  0001E3  0007F8       C2A       0  CODE        2
                cinit                          0007F8  000008  000800       FF0       0  CODE        2
                config                         002007  000001  002008      400E       0  CONFIG      2


UNUSED ADDRESS RANGES

        Name                Unused          Largest block    Delta
        BANK0            002B-006F             45           1
        BANK1            00A0-00EF             50           1
        BANK2            0110-016F             60           1
        BANK3            0190-01EF             60           1
        CODE             008E-0442            3B5           2
                         0800-1FFF            800
        CONST            008E-0442            100           2
                         0800-1FFF            100
        EEDATA           2100-21FF            100           2
        ENTRY            008E-0442            100           2
                         0800-1FFF            100
        IDLOC            2000-2003              4           2
        RAM              002B-006F             45           1
                         00A0-00EF             50
                         0110-016F             60
                         0190-01EF             60
        SFR0             0000-001F             20           1
        SFR1             0080-009F             20           1
        SFR2             0100-010F             10           1
        SFR3             0180-018F             10           1
        STACK            0110-016F             60           1
        STRCODE          008E-0442            3B5           2
                         0800-1FFF           1800
        STRING           008E-0442            100           2
                         0800-1FFF            100

                                  Symbol Table

_PORTB                   (abs)        0006
_PORTC                   (abs)        0007
_PORTD                   (abs)        0008
_PORTDbits               (abs)        0008
_RB0                     (abs)        0030
_RB1                     (abs)        0031
_RB2                     (abs)        0032
_RB3                     (abs)        0033
_RB4                     (abs)        0034
_RB5                     (abs)        0035
_RB6                     (abs)        0036
_RB7                     (abs)        0037
_RC2                     (abs)        003A
_RC3                     (abs)        003B
_RC4                     (abs)        003C
_RC5                     (abs)        003D
_RC6                     (abs)        003E
_RC7                     (abs)        003F
_TRISB                   (abs)        0086
_TRISC                   (abs)        0087
_TRISD                   (abs)        0088
__CFG_BOREN$OFF          (abs)        0000
__CFG_CP$OFF             (abs)        0000
__CFG_CPD$OFF            (abs)        0000
__CFG_FOSC$XT            (abs)        0000
__CFG_LVP$OFF            (abs)        0000
__CFG_PWRTE$OFF          (abs)        0000
__CFG_WDTE$OFF           (abs)        0000
__CFG_WRT$OFF            (abs)        0000
__Habs1                  abs1         0000
__Hbank0                 bank0        0000
__Hbank1                 bank1        0000
__Hbank2                 bank2        0000
__Hbank3                 bank3        0000
__HbssBANK0              bssBANK0     0000
__Hcinit                 cinit        0800
__Hclrtext               clrtext      0000
__Hcode                  code         0000
__Hcommon                common       0000
__Hconfig                config       2008
__HcstackBANK0           cstackBANK0  0000
__HcstackCOMMON          cstackCOMMON 0000
__Heeprom_data           eeprom_data  0000
__Hend_init              end_init     0003
__Hfunctab               functab      0000
__Hidloc                 idloc        0000
__Hinit                  init         0000
__Hintentry              intentry     0000
__Hmaintext              maintext     0000
__Hpowerup               powerup      0000
__Hram                   ram          0000
__Hreset_vec             reset_vec    0000
__Hsfr0                  sfr0         0000
__Hsfr1                  sfr1         0000
__Hsfr2                  sfr2         0000
__Hsfr3                  sfr3         0000
__Hspace_0               (abs)        2008
__Hspace_1               (abs)        007E
__Hspace_2               (abs)        0000
__Hspace_3               (abs)        0000
__Hstack                 stack        0000
__Hstrings               strings      0000
__Htext                  text         0000
__Labs1                  abs1         0000
__Lbank0                 bank0        0000
__Lbank1                 bank1        0000
__Lbank2                 bank2        0000
__Lbank3                 bank3        0000
__LbssBANK0              bssBANK0     0000
__Lcinit                 cinit        07F8
__Lclrtext               clrtext      0000
__Lcode                  code         0000
__Lcommon                common       0000
__Lconfig                config       2007
__LcstackBANK0           cstackBANK0  0000
__LcstackCOMMON          cstackCOMMON 0000
__Leeprom_data           eeprom_data  0000
__Lend_init              end_init     0000
__Lfunctab               functab      0000
__Lidloc                 idloc        0000
__Linit                  init         0000
__Lintentry              intentry     0000
__Lmaintext              maintext     0000
__Lpowerup               powerup      0000
__Lram                   ram          0000
__Lreset_vec             reset_vec    0000
__Lsfr0                  sfr0         0000
__Lsfr1                  sfr1         0000
__Lsfr2                  sfr2         0000
__Lsfr3                  sfr3         0000
__Lspace_0               (abs)        0000
__Lspace_1               (abs)        0000
__Lspace_2               (abs)        0000
__Lspace_3               (abs)        0000
__Lstack                 stack        0000
__Lstrings               strings      0000
__Ltext                  text         0000
__S0                     (abs)        2008
__S1                     (abs)        007E
__S2                     (abs)        0000
__S3                     (abs)        0000
___int_sp                stack        0000
___latbits               (abs)        0002
___sp                    stack        0000
___stackhi               (abs)        0000
___stacklo               (abs)        0000
__end_of__initialization cinit        07FC
__end_of__stringtab      strings      0009
__end_of_kbdGetKey       text9        0615
__end_of_kbdInit         text8        045E
__end_of_keyPadMatrix    strings      001A
__end_of_lcdClear        text5        044E
__end_of_lcdCmd          text6        0492
__end_of_lcdInit         text4        0596
__end_of_lcdPort         text7        0478
__end_of_lcdPrint        text2        04B4
__end_of_lcdSetCursor    text1        0535
__end_of_lcdWriteChar    text3        04EB
__end_of_main            maintext     07F8
__end_of_pass            strings      001E
__initialization         cinit        07F8
__pbssBANK0              bssBANK0     0029
__pcstackBANK0           cstackBANK0  0020
__pcstackCOMMON          cstackCOMMON 0070
__pmaintext              maintext     0615
__pstrings               strings      0003
__ptext1                 text1        04EB
__ptext2                 text2        0492
__ptext3                 text3        04B4
__ptext4                 text4        0535
__ptext5                 text5        0443
__ptext6                 text6        0478
__ptext7                 text7        045E
__ptext8                 text8        044E
__ptext9                 text9        0596
__size_of_kbdGetKey      (abs)        0000
__size_of_kbdInit        (abs)        0000
__size_of_lcdClear       (abs)        0000
__size_of_lcdCmd         (abs)        0000
__size_of_lcdInit        (abs)        0000
__size_of_lcdPort        (abs)        0000
__size_of_lcdPrint       (abs)        0000
__size_of_lcdSetCursor   (abs)        0000
__size_of_lcdWriteChar   (abs)        0000
__size_of_main           (abs)        0000
__stringbase             strings      0008
__stringtab              strings      0003
_kbdGetKey               text9        0596
_kbdInit                 text8        044E
_keyPadMatrix            strings      0009
_lcdClear                text5        0443
_lcdCmd                  text6        0478
_lcdInit                 text4        0535
_lcdPort                 text7        045E
_lcdPrint                text2        0492
_lcdSetCursor            text1        04EB
_lcdWriteChar            text3        04B4
_main                    maintext     0615
_old_key                 bssBANK0     0029
_pass                    strings      001A
btemp                    (abs)        007E
end_of_initialization    cinit        07FC
intlevel0                functab      0000
intlevel1                functab      0000
intlevel2                functab      0000
intlevel3                functab      0000
intlevel4                functab      0000
intlevel5                functab      0000
kbdGetKey@key            cstackCOMMON 0071
kbdGetKey@row            cstackCOMMON 0072
lcdCmd@a                 cstackCOMMON 0073
lcdPort@a                cstackCOMMON 0070
lcdPrint@a               cstackCOMMON 0077
lcdPrint@i               cstackCOMMON 0075
lcdSetCursor@a           cstackCOMMON 0077
lcdSetCursor@b           cstackCOMMON 0074
lcdSetCursor@temp        cstackCOMMON 007A
lcdSetCursor@y           cstackCOMMON 0079
lcdSetCursor@z           cstackCOMMON 0078
lcdWriteChar@a           cstackCOMMON 0074
lcdWriteChar@temp        cstackCOMMON 0072
lcdWriteChar@y           cstackCOMMON 0073
main@contador            cstackBANK0  0027
main@flag                cstackBANK0  0024
main@i                   cstackBANK0  0028
main@key                 cstackBANK0  0026
main@passOk              cstackBANK0  0025
main@password            cstackBANK0  0020
reset_vec                reset_vec    0000
start                    init         0000
start_initialization     cinit        07F8
wtemp0                   (abs)        007E


FUNCTION INFORMATION:

 *************** function _main *****************
 Defined at:
		line 29 in file "main.c"
 Parameters:    Size  Location     Type
		None
 Auto vars:     Size  Location     Type
  i               1    8[BANK0 ] unsigned char 
  password        4    0[BANK0 ] unsigned char [4]
  contador        1    7[BANK0 ] unsigned char 
  key             1    6[BANK0 ] unsigned char 
  passOk          1    5[BANK0 ] unsigned char 
  flag            1    4[BANK0 ] unsigned char 
 Return value:  Size  Location     Type
                  1    wreg      void 
 Registers used:
		wreg, fsr0l, fsr0h, status,2, status,0, pclath, cstack
 Tracked objects:
		On entry : 
		On exit  : 
		Unchanged: 
 Data sizes:     COMMON   BANK0   BANK1   BANK3   BANK2
      Params:         0       0       0       0       0
      Locals:         0       9       0       0       0
      Temps:          3       0       0       0       0
      Totals:         3       9       0       0       0
Total ram usage:       12 bytes
 Hardware stack levels required when called:    3
 This function calls:
		_kbdGetKey
		_kbdInit
		_lcdClear
		_lcdInit
		_lcdPrint
		_lcdSetCursor
		_lcdWriteChar
 This function is called by:
		Startup code after reset
 This function uses a non-reentrant model


 *************** function _lcdSetCursor *****************
 Defined at:
		line 56 in file "./lcd.h"
 Parameters:    Size  Location     Type
  a               1    wreg     unsigned char 
  b               1    4[COMMON] unsigned char 
 Auto vars:     Size  Location     Type
  a               1    7[COMMON] unsigned char 
  temp            1   10[COMMON] unsigned char 
  y               1    9[COMMON] unsigned char 
  z               1    8[COMMON] unsigned char 
 Return value:  Size  Location     Type
                  1    wreg      void 
 Registers used:
		wreg, status,2, status,0, pclath, cstack
 Tracked objects:
		On entry : 
		On exit  : 
		Unchanged: 
 Data sizes:     COMMON   BANK0   BANK1   BANK3   BANK2
      Params:         1       0       0       0       0
      Locals:         4       0       0       0       0
      Temps:          2       0       0       0       0
      Totals:         7       0       0       0       0
Total ram usage:        7 bytes
 Hardware stack levels used:    1
 Hardware stack levels required when called:    2
 This function calls:
		_lcdCmd
 This function is called by:
		_main
 This function uses a non-reentrant model


 *************** function _lcdPrint *****************
 Defined at:
		line 108 in file "./lcd.h"
 Parameters:    Size  Location     Type
  a               1    wreg     PTR unsigned char 
		 -> STR_9(10), STR_8(8), STR_7(17), STR_6(14), 
		 -> STR_5(15), STR_4(12), STR_3(13), STR_2(12), 
		 -> STR_1(11), 
 Auto vars:     Size  Location     Type
  a               1    7[COMMON] PTR unsigned char 
		 -> STR_9(10), STR_8(8), STR_7(17), STR_6(14), 
		 -> STR_5(15), STR_4(12), STR_3(13), STR_2(12), 
		 -> STR_1(11), 
  i               2    5[COMMON] int 
 Return value:  Size  Location     Type
                  1    wreg      void 
 Registers used:
		wreg, fsr0l, fsr0h, status,2, status,0, pclath, cstack
 Tracked objects:
		On entry : 
		On exit  : 
		Unchanged: 
 Data sizes:     COMMON   BANK0   BANK1   BANK3   BANK2
      Params:         0       0       0       0       0
      Locals:         3       0       0       0       0
      Temps:          0       0       0       0       0
      Totals:         3       0       0       0       0
Total ram usage:        3 bytes
 Hardware stack levels used:    1
 Hardware stack levels required when called:    2
 This function calls:
		_lcdWriteChar
 This function is called by:
		_main
 This function uses a non-reentrant model


 *************** function _lcdWriteChar *****************
 Defined at:
		line 93 in file "./lcd.h"
 Parameters:    Size  Location     Type
  a               1    wreg     unsigned char 
 Auto vars:     Size  Location     Type
  a               1    4[COMMON] unsigned char 
  y               1    3[COMMON] unsigned char 
  temp            1    2[COMMON] unsigned char 
 Return value:  Size  Location     Type
                  1    wreg      void 
 Registers used:
		wreg, status,2, status,0, pclath, cstack
 Tracked objects:
		On entry : 
		On exit  : 
		Unchanged: 
 Data sizes:     COMMON   BANK0   BANK1   BANK3   BANK2
      Params:         0       0       0       0       0
      Locals:         3       0       0       0       0
      Temps:          1       0       0       0       0
      Totals:         4       0       0       0       0
Total ram usage:        4 bytes
 Hardware stack levels used:    1
 Hardware stack levels required when called:    1
 This function calls:
		_lcdPort
 This function is called by:
		_lcdPrint
		_main
 This function uses a non-reentrant model


 *************** function _lcdInit *****************
 Defined at:
		line 73 in file "./lcd.h"
 Parameters:    Size  Location     Type
		None
 Auto vars:     Size  Location     Type
		None
 Return value:  Size  Location     Type
                  1    wreg      void 
 Registers used:
		wreg, status,2, status,0, pclath, cstack
 Tracked objects:
		On entry : 
		On exit  : 
		Unchanged: 
 Data sizes:     COMMON   BANK0   BANK1   BANK3   BANK2
      Params:         0       0       0       0       0
      Locals:         0       0       0       0       0
      Temps:          2       0       0       0       0
      Totals:         2       0       0       0       0
Total ram usage:        2 bytes
 Hardware stack levels used:    1
 Hardware stack levels required when called:    2
 This function calls:
		_lcdCmd
		_lcdPort
 This function is called by:
		_main
 This function uses a non-reentrant model


 *************** function _lcdClear *****************
 Defined at:
		line 51 in file "./lcd.h"
 Parameters:    Size  Location     Type
		None
 Auto vars:     Size  Location     Type
		None
 Return value:  Size  Location     Type
                  1    wreg      void 
 Registers used:
		wreg, status,2, status,0, pclath, cstack
 Tracked objects:
		On entry : 
		On exit  : 
		Unchanged: 
 Data sizes:     COMMON   BANK0   BANK1   BANK3   BANK2
      Params:         0       0       0       0       0
      Locals:         0       0       0       0       0
      Temps:          0       0       0       0       0
      Totals:         0       0       0       0       0
Total ram usage:        0 bytes
 Hardware stack levels used:    1
 Hardware stack levels required when called:    2
 This function calls:
		_lcdCmd
 This function is called by:
		_main
 This function uses a non-reentrant model


 *************** function _lcdCmd *****************
 Defined at:
		line 43 in file "./lcd.h"
 Parameters:    Size  Location     Type
  a               1    wreg     unsigned char 
 Auto vars:     Size  Location     Type
  a               1    3[COMMON] unsigned char 
 Return value:  Size  Location     Type
                  1    wreg      void 
 Registers used:
		wreg, status,2, status,0, pclath, cstack
 Tracked objects:
		On entry : 
		On exit  : 
		Unchanged: 
 Data sizes:     COMMON   BANK0   BANK1   BANK3   BANK2
      Params:         0       0       0       0       0
      Locals:         1       0       0       0       0
      Temps:          2       0       0       0       0
      Totals:         3       0       0       0       0
Total ram usage:        3 bytes
 Hardware stack levels used:    1
 Hardware stack levels required when called:    1
 This function calls:
		_lcdPort
 This function is called by:
		_lcdClear
		_lcdSetCursor
		_lcdInit
 This function uses a non-reentrant model


 *************** function _lcdPort *****************
 Defined at:
		line 21 in file "./lcd.h"
 Parameters:    Size  Location     Type
  a               1    wreg     unsigned char 
 Auto vars:     Size  Location     Type
  a               1    0[COMMON] unsigned char 
 Return value:  Size  Location     Type
                  1    wreg      void 
 Registers used:
		wreg
 Tracked objects:
		On entry : 
		On exit  : 
		Unchanged: 
 Data sizes:     COMMON   BANK0   BANK1   BANK3   BANK2
      Params:         0       0       0       0       0
      Locals:         1       0       0       0       0
      Temps:          0       0       0       0       0
      Totals:         1       0       0       0       0
Total ram usage:        1 bytes
 Hardware stack levels used:    1
 This function calls:
		Nothing
 This function is called by:
		_lcdCmd
		_lcdInit
		_lcdWriteChar
 This function uses a non-reentrant model


 *************** function _kbdInit *****************
 Defined at:
		line 28 in file "./keypad.h"
 Parameters:    Size  Location     Type
		None
 Auto vars:     Size  Location     Type
		None
 Return value:  Size  Location     Type
                  1    wreg      void 
 Registers used:
		wreg, status,2
 Tracked objects:
		On entry : 
		On exit  : 
		Unchanged: 
 Data sizes:     COMMON   BANK0   BANK1   BANK3   BANK2
      Params:         0       0       0       0       0
      Locals:         0       0       0       0       0
      Temps:          2       0       0       0       0
      Totals:         2       0       0       0       0
Total ram usage:        2 bytes
 Hardware stack levels used:    1
 This function calls:
		Nothing
 This function is called by:
		_main
 This function uses a non-reentrant model


 *************** function _kbdGetKey *****************
 Defined at:
		line 34 in file "./keypad.h"
 Parameters:    Size  Location     Type
		None
 Auto vars:     Size  Location     Type
  row             1    2[COMMON] unsigned char 
  key             1    1[COMMON] unsigned char 
 Return value:  Size  Location     Type
                  1    wreg      unsigned char 
 Registers used:
		wreg, fsr0l, fsr0h, status,2, status,0, pclath
 Tracked objects:
		On entry : 
		On exit  : 
		Unchanged: 
 Data sizes:     COMMON   BANK0   BANK1   BANK3   BANK2
      Params:         0       0       0       0       0
      Locals:         2       0       0       0       0
      Temps:          1       0       0       0       0
      Totals:         3       0       0       0       0
Total ram usage:        3 bytes
 Hardware stack levels used:    2
 This function calls:
		Nothing
 This function is called by:
		_main
 This function uses a non-reentrant model



MODULE INFORMATION

Module		Function		Class		Link	Load	Size
./lcd.h
		_lcdSetCursor  		CODE           	04EB	0000	75
		_lcdClear      		CODE           	0443	0000	12
		_lcdCmd        		CODE           	0478	0000	27
		_lcdPort       		CODE           	045E	0000	27
		_lcdWriteChar  		CODE           	04B4	0000	56
		_lcdInit       		CODE           	0535	0000	98
		_lcdPrint      		CODE           	0492	0000	35

./lcd.h estimated size: 330

shared
		__stringtab    		STRING         	0003	0000	7
		_pass          		STRING         	001A	0000	5
		__initialization		CODE           	07F8	0000	5
		_keyPadMatrix  		STRING         	0009	0000	18

shared estimated size: 35

./keypad.h
		_kbdGetKey     		CODE           	0596	0000	128
		_kbdInit       		CODE           	044E	0000	17

./keypad.h estimated size: 145

main.c
		_main          		CODE           	0615	0000	484

main.c estimated size: 484

