Microchip MPLAB XC8 Compiler V2.05 ()

Linker command line:

-W-3 --edf=C:\Program Files (x86)\Microchip\xc8\v2.05\pic\dat\en_msgs.txt \
  -cs -h+dist/default/production\PWM.X.production.sym \
  --cmf=dist/default/production\PWM.X.production.cmf -z -Q16F877A \
  -oC:\Users\Xizuth\AppData\Local\Temp\s6m8.2 --defsym=__MPLAB_BUILD=1 \
  -Mdist/default/production/PWM.X.production.map -E1 -ver=XC8 --acfsm=1493 \
  -ASTACK=0110h-016Fh -pstack=STACK -ACODE=00h-07FFhx4 -ASTRCODE=00h-01FFFh \
  -ASTRING=00h-0FFhx32 -ACONST=00h-0FFhx32 -AENTRY=00h-0FFhx32 \
  -ACOMMON=070h-07Fh -ABANK0=020h-06Fh -ABANK1=0A0h-0EFh \
  -ABANK2=0110h-016Fh -ABANK3=0190h-01EFh \
  -ARAM=020h-06Fh,0A0h-0EFh,0110h-016Fh,0190h-01EFh \
  -AABS1=020h-07Fh,0A0h-0EFh,0110h-016Fh,0190h-01EFh -ASFR0=00h-01Fh \
  -ASFR1=080h-09Fh -ASFR2=0100h-010Fh -ASFR3=0180h-018Fh \
  -preset_vec=00h,intentry,init,end_init -ppowerup=CODE -pcinit=CODE \
  -pfunctab=ENTRY -ACONFIG=02007h-02007h -pconfig=CONFIG -DCONFIG=2 \
  -AIDLOC=02000h-02003h -pidloc=IDLOC -DIDLOC=2 -AEEDATA=00h-0FFh/02100h \
  -peeprom_data=EEDATA -DEEDATA=2 -DCODE=2 -DSTRCODE=2 -DSTRING=2 -DCONST=2 \
  -DENTRY=2 -k C:\Users\Xizuth\AppData\Local\Temp\s6m8.o \
  dist/default/production\PWM.X.production.o 

Object code version is 3.11

Machine type is 16F877A



                Name                               Link     Load   Length Selector   Space Scale
C:\Users\Xizuth\AppData\Local\Temp\s6m8.o
                end_init                              0        0        3        0       0
dist/default/production\PWM.X.production.o
                cinit                               7FC      7FC        4      FF8       0
                text22                              DE7      DE7       10     1BCE       0
                text21                              E2B      E2B       22     1C56       0
                text20                              DF7      DF7       1A     1BEE       0
                text19                              E11      E11       1A     1C22       0
                text18                              DC2      DC2        B     1B84       0
                text17                              F9E      F9E       62     1F3C       0
                text16                              EA2      EA2       39     1D44       0
                text15                              F17      F17       3D     1E2E       0
                text14                              F54      F54       4A     1EA8       0
                text13                              344      344      1A3      688       0
                text12                              E4D      E4D       23     1C9A       0
                text11                              4E7      4E7      315      9CE       0
                text10                                D        D       6D       1A       0
                text9                                FE       FE       A5      1FC       0
                text8                                 4        4        9        8       0
                text7                                7A       7A       84       F4       0
                text6                               DBD      DBD        5     1B7A       0
                text5                               DCD      DCD        C     1B9A       0
                text4                               DD9      DD9        E     1BB2       0
                text3                               EDB      EDB       3C     1DB6       0
                text2                               E70      E70       32     1CE0       0
                text1                               26C      26C       D8      4D8       0
                maintext                            1A3      1A3       C9      346       0
                cstackBANK0                          20       20       4A       20       1
                cstackCOMMON                         70       70        E       70       1
                cstackBANK1                          A0       A0       12       A0       1
                strings                             800      800       41     1000       0

TOTAL           Name                               Link     Load   Length     Space
        CLASS   STACK          

        CLASS   CODE           
                end_init                              0        0        3         0
                cinit                               7FC      7FC        4         0
                text22                              DE7      DE7       10         0
                text21                              E2B      E2B       22         0
                text20                              DF7      DF7       1A         0
                text19                              E11      E11       1A         0
                text18                              DC2      DC2        B         0
                text17                              F9E      F9E       62         0
                text16                              EA2      EA2       39         0
                text15                              F17      F17       3D         0
                text14                              F54      F54       4A         0
                text13                              344      344      1A3         0
                text12                              E4D      E4D       23         0
                text11                              4E7      4E7      315         0
                text10                                D        D       6D         0
                text9                                FE       FE       A5         0
                text8                                 4        4        9         0
                text7                                7A       7A       84         0
                text6                               DBD      DBD        5         0
                text5                               DCD      DCD        C         0
                text4                               DD9      DD9        E         0
                text3                               EDB      EDB       3C         0
                text2                               E70      E70       32         0
                text1                               26C      26C       D8         0
                maintext                            1A3      1A3       C9         0

        CLASS   STRCODE        

        CLASS   STRING         
                strings                             800      800       41         0

        CLASS   CONST          

        CLASS   ENTRY          

        CLASS   COMMON         
                cstackCOMMON                         70       70        E         1

        CLASS   BANK0          
                cstackBANK0                          20       20       4A         1

        CLASS   BANK1          
                cstackBANK1                          A0       A0       12         1

        CLASS   BANK2          

        CLASS   BANK3          

        CLASS   RAM            

        CLASS   ABS1           
                abs_s1                               7E       7E        2         1

        CLASS   SFR0           

        CLASS   SFR1           

        CLASS   SFR2           

        CLASS   SFR3           

        CLASS   CONFIG         

        CLASS   IDLOC          

        CLASS   EEDATA         



SEGMENTS        Name                           Load    Length   Top    Selector   Space  Class     Delta

                reset_vec                      000000  000003  000003         0       0  CODE        2
                text8                          000004  000009  00000D         8       0  CODE        2
                text10                         00000D  00006D  00007A        1A       0  CODE        2
                cstackBANK0                    000020  00004A  00006A        20       1  BANK0       1
                cstackCOMMON                   000070  00000E  00007E        70       1  COMMON      1
                cstackBANK1                    0000A0  000012  0000B2        A0       1  BANK1       1
                text7                          00007A  000084  0000FE        F4       0  CODE        2
                text9                          0000FE  0000A5  0001A3       1FC       0  CODE        2
                maintext                       0001A3  0000C9  00026C       346       0  CODE        2
                text1                          00026C  0000D8  000344       4D8       0  CODE        2
                text13                         000344  0001A3  0004E7       688       0  CODE        2
                text11                         0004E7  000315  0007FC       9CE       0  CODE        2
                cinit                          0007FC  000004  000800       FF8       0  CODE        2
                strings                        000800  000041  000841      1000       0  STRING      2
                text6                          000DBD  000005  000DC2      1B7A       0  CODE        2
                text18                         000DC2  00000B  000DCD      1B84       0  CODE        2
                text5                          000DCD  00000C  000DD9      1B9A       0  CODE        2
                text4                          000DD9  00000E  000DE7      1BB2       0  CODE        2
                text22                         000DE7  000010  000DF7      1BCE       0  CODE        2
                text20                         000DF7  00001A  000E11      1BEE       0  CODE        2
                text19                         000E11  00001A  000E2B      1C22       0  CODE        2
                text21                         000E2B  000022  000E4D      1C56       0  CODE        2
                text12                         000E4D  000023  000E70      1C9A       0  CODE        2
                text2                          000E70  000032  000EA2      1CE0       0  CODE        2
                text16                         000EA2  000039  000EDB      1D44       0  CODE        2
                text3                          000EDB  00003C  000F17      1DB6       0  CODE        2
                text15                         000F17  00003D  000F54      1E2E       0  CODE        2
                text14                         000F54  00004A  000F9E      1EA8       0  CODE        2
                text17                         000F9E  000062  001000      1F3C       0  CODE        2


UNUSED ADDRESS RANGES

        Name                Unused          Largest block    Delta
        BANK0            006A-006F              6           1
        BANK1            00B2-00EF             3E           1
        BANK2            0110-016F             60           1
        BANK3            0190-01EF             60           1
        CODE             0003-0003              1           2
                         0841-0DBC            57C
                         1000-1FFF            800
        CONFIG           2007-2007              1           2
        CONST            0003-0003              1           2
                         0841-0DBC            100
                         1000-1FFF            100
        EEDATA           2100-21FF            100           2
        ENTRY            0003-0003              1           2
                         0841-0DBC            100
                         1000-1FFF            100
        IDLOC            2000-2003              4           2
        RAM              006A-006F              6           1
                         00B2-00EF             3E
                         0110-016F             60
                         0190-01EF             60
        SFR0             0000-001F             20           1
        SFR1             0080-009F             20           1
        SFR2             0100-010F             10           1
        SFR3             0180-018F             10           1
        STACK            0110-016F             60           1
        STRCODE          0003-0003              1           2
                         0841-0DBC            57C
                         1000-1FFF           1000
        STRING           0003-0003              1           2
                         0841-0DBC            100
                         1000-1FFF            100

                                  Symbol Table

?__Umul8_16              cstackCOMMON 0070
?___fldiv                cstackBANK0  0026
?___flmul                cstackBANK0  0040
?___fltol                cstackBANK0  005A
?___lwdiv                cstackCOMMON 0070
?___lwmod                cstackCOMMON 0078
?___xxtofl               cstackCOMMON 0074
?_adcRead                cstackCOMMON 0070
?_pmwMaxDuty             cstackCOMMON 0070
?_sprintf                cstackBANK0  0020
_ADCON0bits              (abs)        001F
_ADCON1bits              (abs)        009F
_ADRESH                  (abs)        001E
_ADRESL                  (abs)        009E
_CCP1M2                  (abs)        00BA
_CCP1M3                  (abs)        00BB
_CCP1X                   (abs)        00BD
_CCP1Y                   (abs)        00BC
_CCP2M2                  (abs)        00EA
_CCP2M3                  (abs)        00EB
_CCP2X                   (abs)        00ED
_CCP2Y                   (abs)        00EC
_CCPR1L                  (abs)        0015
_CCPR2L                  (abs)        001B
_PORTB                   (abs)        0006
_PORTD                   (abs)        0008
_PR2                     (abs)        0092
_RD2                     (abs)        0042
_RD3                     (abs)        0043
_RD4                     (abs)        0044
_RD5                     (abs)        0045
_RD6                     (abs)        0046
_RD7                     (abs)        0047
_T2CKPS0                 (abs)        0090
_T2CKPS1                 (abs)        0091
_TMR2ON                  (abs)        0092
_TRISB                   (abs)        0086
_TRISC1                  (abs)        0439
_TRISC2                  (abs)        043A
_TRISD                   (abs)        0088
__Habs1                  abs1         0000
__Hbank0                 bank0        0000
__Hbank1                 bank1        0000
__Hbank2                 bank2        0000
__Hbank3                 bank3        0000
__Hcinit                 cinit        0800
__Hclrtext               clrtext      0000
__Hcode                  code         0000
__Hcommon                common       0000
__Hconfig                config       0000
__HcstackBANK0           cstackBANK0  0000
__HcstackBANK1           cstackBANK1  0000
__HcstackCOMMON          cstackCOMMON 0000
__Heeprom_data           eeprom_data  0000
__Hend_init              end_init     0003
__Hfunctab               functab      0000
__Hidloc                 idloc        0000
__Hinit                  init         0000
__Hintentry              intentry     0000
__Hmaintext              maintext     0000
__Hpowerup               powerup      0000
__Hram                   ram          0000
__Hreset_vec             reset_vec    0000
__Hsfr0                  sfr0         0000
__Hsfr1                  sfr1         0000
__Hsfr2                  sfr2         0000
__Hsfr3                  sfr3         0000
__Hspace_0               (abs)        1000
__Hspace_1               (abs)        00B2
__Hspace_2               (abs)        0000
__Hspace_3               (abs)        0000
__Hstack                 stack        0000
__Hstrings               strings      0000
__Htext                  text         0000
__Labs1                  abs1         0000
__Lbank0                 bank0        0000
__Lbank1                 bank1        0000
__Lbank2                 bank2        0000
__Lbank3                 bank3        0000
__Lcinit                 cinit        07FC
__Lclrtext               clrtext      0000
__Lcode                  code         0000
__Lcommon                common       0000
__Lconfig                config       0000
__LcstackBANK0           cstackBANK0  0000
__LcstackBANK1           cstackBANK1  0000
__LcstackCOMMON          cstackCOMMON 0000
__Leeprom_data           eeprom_data  0000
__Lend_init              end_init     0000
__Lfunctab               functab      0000
__Lidloc                 idloc        0000
__Linit                  init         0000
__Lintentry              intentry     0000
__Lmaintext              maintext     0000
__Lpowerup               powerup      0000
__Lram                   ram          0000
__Lreset_vec             reset_vec    0000
__Lsfr0                  sfr0         0000
__Lsfr1                  sfr1         0000
__Lsfr2                  sfr2         0000
__Lsfr3                  sfr3         0000
__Lspace_0               (abs)        0000
__Lspace_1               (abs)        0000
__Lspace_2               (abs)        0000
__Lspace_3               (abs)        0000
__Lstack                 stack        0000
__Lstrings               strings      0000
__Ltext                  text         0000
__S0                     (abs)        1000
__S1                     (abs)        00B2
__S2                     (abs)        0000
__S3                     (abs)        0000
__Umul8_16               text12       0E4D
__Umul8_16@multiplicand  cstackCOMMON 0070
__Umul8_16@multiplier    cstackCOMMON 0078
__Umul8_16@product       cstackCOMMON 0074
__Umul8_16@word_mpld     cstackCOMMON 0076
___fldiv                 text13       0344
___fldiv@a               cstackBANK0  0026
___fldiv@aexp            cstackBANK0  003F
___fldiv@b               cstackBANK0  002A
___fldiv@bexp            cstackBANK0  003E
___fldiv@grs             cstackBANK0  003A
___fldiv@new_exp         cstackBANK0  0038
___fldiv@rem             cstackBANK0  0033
___fldiv@sign            cstackBANK0  0037
___flmul                 text11       04E7
___flmul@a               cstackBANK0  0044
___flmul@aexp            cstackBANK0  0052
___flmul@b               cstackBANK0  0040
___flmul@bexp            cstackBANK0  0053
___flmul@grs             cstackBANK0  004E
___flmul@prod            cstackBANK0  0054
___flmul@sign            cstackBANK0  004D
___flmul@temp            cstackBANK0  0058
___fltol                 text10       000D
___fltol@exp1            cstackCOMMON 007D
___fltol@f1              cstackBANK0  005A
___fltol@sign1           cstackCOMMON 007C
___int_sp                stack        0000
___latbits               (abs)        0002
___lwdiv                 text3        0EDB
___lwdiv@counter         cstackCOMMON 0077
___lwdiv@dividend        cstackCOMMON 0072
___lwdiv@divisor         cstackCOMMON 0070
___lwdiv@quotient        cstackCOMMON 0075
___lwmod                 text2        0E70
___lwmod@counter         cstackCOMMON 007D
___lwmod@dividend        cstackCOMMON 007A
___lwmod@divisor         cstackCOMMON 0078
___sp                    stack        0000
___stackhi               (abs)        0000
___stacklo               (abs)        0000
___xxtofl                text9        00FE
___xxtofl@arg            cstackBANK0  0022
___xxtofl@exp            cstackBANK0  0021
___xxtofl@sign           cstackBANK0  0020
___xxtofl@val            cstackCOMMON 0074
__end_of__Umul8_16       text12       0E70
__end_of___fldiv         text13       04E7
__end_of___flmul         text11       07FC
__end_of___fltol         text10       007A
__end_of___lwdiv         text3        0F17
__end_of___lwmod         text2        0EA2
__end_of___xxtofl        text9        01A3
__end_of__initialization cinit        07FC
__end_of__stringtab      strings      0810
__end_of_adcInit         text22       0DF7
__end_of_adcRead         text21       0E4D
__end_of_dpowers         strings      081A
__end_of_lcdClear        text18       0DCD
__end_of_lcdCmd          text19       0E2B
__end_of_lcdInit         text17       1000
__end_of_lcdPort         text20       0E11
__end_of_lcdPrint        text15       0F54
__end_of_lcdSetCursor    text14       0F9E
__end_of_lcdWriteChar    text16       0EDB
__end_of_main            maintext     026C
__end_of_pmwMaxDuty      text8        000D
__end_of_pwmDuty1        text7        00FE
__end_of_pwmInit1        text5        0DD9
__end_of_pwmInit2        text4        0DE7
__end_of_setPR2          text6        0DC2
__end_of_sprintf         text1        0344
__initialization         cinit        07FC
__pcstackBANK0           cstackBANK0  0020
__pcstackBANK1           cstackBANK1  00A0
__pcstackCOMMON          cstackCOMMON 0070
__pmaintext              maintext     01A3
__pstrings               strings      0800
__ptext1                 text1        026C
__ptext10                text10       000D
__ptext11                text11       04E7
__ptext12                text12       0E4D
__ptext13                text13       0344
__ptext14                text14       0F54
__ptext15                text15       0F17
__ptext16                text16       0EA2
__ptext17                text17       0F9E
__ptext18                text18       0DC2
__ptext19                text19       0E11
__ptext2                 text2        0E70
__ptext20                text20       0DF7
__ptext21                text21       0E2B
__ptext22                text22       0DE7
__ptext3                 text3        0EDB
__ptext4                 text4        0DD9
__ptext5                 text5        0DCD
__ptext6                 text6        0DBD
__ptext7                 text7        007A
__ptext8                 text8        0004
__ptext9                 text9        00FE
__size_of__Umul8_16      (abs)        0000
__size_of___fldiv        (abs)        0000
__size_of___flmul        (abs)        0000
__size_of___fltol        (abs)        0000
__size_of___lwdiv        (abs)        0000
__size_of___lwmod        (abs)        0000
__size_of___xxtofl       (abs)        0000
__size_of_adcInit        (abs)        0000
__size_of_adcRead        (abs)        0000
__size_of_lcdClear       (abs)        0000
__size_of_lcdCmd         (abs)        0000
__size_of_lcdInit        (abs)        0000
__size_of_lcdPort        (abs)        0000
__size_of_lcdPrint       (abs)        0000
__size_of_lcdSetCursor   (abs)        0000
__size_of_lcdWriteChar   (abs)        0000
__size_of_main           (abs)        0000
__size_of_pmwMaxDuty     (abs)        0000
__size_of_pwmDuty1       (abs)        0000
__size_of_pwmInit1       (abs)        0000
__size_of_pwmInit2       (abs)        0000
__size_of_setPR2         (abs)        0000
__size_of_sprintf        (abs)        0000
__stringbase             strings      080F
__stringtab              strings      0800
_adcInit                 text22       0DE7
_adcRead                 text21       0E2B
_dpowers                 strings      0810
_lcdClear                text18       0DC2
_lcdCmd                  text19       0E11
_lcdInit                 text17       0F9E
_lcdPort                 text20       0DF7
_lcdPrint                text15       0F17
_lcdSetCursor            text14       0F54
_lcdWriteChar            text16       0EA2
_main                    maintext     01A3
_pmwMaxDuty              text8        0004
_pwmDuty1                text7        007A
_pwmInit1                text5        0DCD
_pwmInit2                text4        0DD9
_setPR2                  text6        0DBD
_sprintf                 text1        026C
adcRead@adcChannel       cstackCOMMON 0070
btemp                    (abs)        007E
end_of_initialization    cinit        07FC
intlevel0                functab      0000
intlevel1                functab      0000
intlevel2                functab      0000
intlevel3                functab      0000
intlevel4                functab      0000
intlevel5                functab      0000
lcdCmd@a                 cstackCOMMON 0073
lcdPort@a                cstackCOMMON 0070
lcdPrint@a               cstackCOMMON 0075
lcdPrint@i               cstackCOMMON 007A
lcdSetCursor@a           cstackCOMMON 0077
lcdSetCursor@b           cstackCOMMON 0074
lcdSetCursor@temp        cstackCOMMON 007A
lcdSetCursor@y           cstackCOMMON 0079
lcdSetCursor@z           cstackCOMMON 0078
lcdWriteChar@a           cstackCOMMON 0074
lcdWriteChar@temp        cstackCOMMON 0072
lcdWriteChar@y           cstackCOMMON 0073
main@entero              cstackBANK1  00A0
main@v                   cstackBANK1  00B0
pwmDuty1@duty            cstackBANK0  0063
reset_vec                reset_vec    0000
sprintf@ap               cstackBANK0  0026
sprintf@c                cstackBANK0  002C
sprintf@f                cstackBANK0  0020
sprintf@flag             cstackBANK0  0027
sprintf@prec             cstackBANK0  0028
sprintf@sp               cstackBANK0  002B
sprintf@val              cstackBANK0  0029
start                    init         0000
start_initialization     cinit        07FC
wtemp0                   (abs)        007E


FUNCTION INFORMATION:

 *************** function _main *****************
 Defined at:
		line 9 in file "main.c"
 Parameters:    Size  Location     Type
		None
 Auto vars:     Size  Location     Type
  entero         16    0[BANK1 ] unsigned char [16]
  v               2   16[BANK1 ] unsigned int 
 Return value:  Size  Location     Type
                  1    wreg      void 
 Registers used:
		wreg, fsr0l, fsr0h, status,2, status,0, btemp+1, pclath, cstack
 Tracked objects:
		On entry : 
		On exit  : 
		Unchanged: 
 Data sizes:     COMMON   BANK0   BANK1   BANK3   BANK2
      Params:         0       0       0       0       0
      Locals:         0       0      18       0       0
      Temps:          0       3       0       0       0
      Totals:         0       3      18       0       0
Total ram usage:       21 bytes
 Hardware stack levels required when called:    3
 This function calls:
		_adcInit
		_adcRead
		_lcdClear
		_lcdInit
		_lcdPrint
		_lcdSetCursor
		_pwmDuty1
		_pwmInit1
		_pwmInit2
		_sprintf
 This function is called by:
		Startup code after reset
 This function uses a non-reentrant model


 *************** function _sprintf *****************
 Defined at:
		line 500 in file "C:\Program Files (x86)\Microchip\xc8\v2.05\pic\sources\c90\common\doprnt.c"
 Parameters:    Size  Location     Type
  sp              1    wreg     PTR unsigned char 
		 -> main@entero(16), 
  f               1    0[BANK0 ] PTR const unsigned char 
		 -> STR_3(9), 
 Auto vars:     Size  Location     Type
  sp              1   11[BANK0 ] PTR unsigned char 
		 -> main@entero(16), 
  tmpval          4    0        struct .
  val             2    9[BANK0 ] unsigned int 
  cp              2    0        PTR const unsigned char 
  len             2    0        unsigned int 
  c               1   12[BANK0 ] unsigned char 
  prec            1    8[BANK0 ] char 
  flag            1    7[BANK0 ] unsigned char 
  ap              1    6[BANK0 ] PTR void [1]
		 -> ?_sprintf(2), 
 Return value:  Size  Location     Type
                  2    0[BANK0 ] int 
 Registers used:
		wreg, fsr0l, fsr0h, status,2, status,0, btemp+1, pclath, cstack
 Tracked objects:
		On entry : 
		On exit  : 
		Unchanged: 
 Data sizes:     COMMON   BANK0   BANK1   BANK3   BANK2
      Params:         0       3       0       0       0
      Locals:         0       7       0       0       0
      Temps:          0       3       0       0       0
      Totals:         0      13       0       0       0
Total ram usage:       13 bytes
 Hardware stack levels used:    1
 Hardware stack levels required when called:    1
 This function calls:
		___lwdiv
		___lwmod
 This function is called by:
		_main
 This function uses a non-reentrant model


 *************** function ___lwmod *****************
 Defined at:
		line 5 in file "C:\Program Files (x86)\Microchip\xc8\v2.05\pic\sources\c90\common\lwmod.c"
 Parameters:    Size  Location     Type
  divisor         2    8[COMMON] unsigned int 
  dividend        2   10[COMMON] unsigned int 
 Auto vars:     Size  Location     Type
  counter         1   13[COMMON] unsigned char 
 Return value:  Size  Location     Type
                  2    8[COMMON] unsigned int 
 Registers used:
		wreg, status,2, status,0
 Tracked objects:
		On entry : 
		On exit  : 
		Unchanged: 
 Data sizes:     COMMON   BANK0   BANK1   BANK3   BANK2
      Params:         4       0       0       0       0
      Locals:         1       0       0       0       0
      Temps:          1       0       0       0       0
      Totals:         6       0       0       0       0
Total ram usage:        6 bytes
 Hardware stack levels used:    1
 This function calls:
		Nothing
 This function is called by:
		_sprintf
 This function uses a non-reentrant model


 *************** function ___lwdiv *****************
 Defined at:
		line 5 in file "C:\Program Files (x86)\Microchip\xc8\v2.05\pic\sources\c90\common\lwdiv.c"
 Parameters:    Size  Location     Type
  divisor         2    0[COMMON] unsigned int 
  dividend        2    2[COMMON] unsigned int 
 Auto vars:     Size  Location     Type
  quotient        2    5[COMMON] unsigned int 
  counter         1    7[COMMON] unsigned char 
 Return value:  Size  Location     Type
                  2    0[COMMON] unsigned int 
 Registers used:
		wreg, status,2, status,0
 Tracked objects:
		On entry : 
		On exit  : 
		Unchanged: 
 Data sizes:     COMMON   BANK0   BANK1   BANK3   BANK2
      Params:         4       0       0       0       0
      Locals:         3       0       0       0       0
      Temps:          1       0       0       0       0
      Totals:         8       0       0       0       0
Total ram usage:        8 bytes
 Hardware stack levels used:    1
 This function calls:
		Nothing
 This function is called by:
		_sprintf
 This function uses a non-reentrant model


 *************** function _pwmInit2 *****************
 Defined at:
		line 56 in file "./pwm2.h"
 Parameters:    Size  Location     Type
		None
 Auto vars:     Size  Location     Type
		None
 Return value:  Size  Location     Type
                  1    wreg      void 
 Registers used:
		wreg, status,2, status,0, pclath, cstack
 Tracked objects:
		On entry : 
		On exit  : 
		Unchanged: 
 Data sizes:     COMMON   BANK0   BANK1   BANK3   BANK2
      Params:         0       0       0       0       0
      Locals:         0       0       0       0       0
      Temps:          0       0       0       0       0
      Totals:         0       0       0       0       0
Total ram usage:        0 bytes
 Hardware stack levels used:    1
 Hardware stack levels required when called:    1
 This function calls:
		_setPR2
 This function is called by:
		_main
 This function uses a non-reentrant model


 *************** function _pwmInit1 *****************
 Defined at:
		line 38 in file "./pwm2.h"
 Parameters:    Size  Location     Type
		None
 Auto vars:     Size  Location     Type
		None
 Return value:  Size  Location     Type
                  1    wreg      void 
 Registers used:
		wreg, status,2, status,0, pclath, cstack
 Tracked objects:
		On entry : 
		On exit  : 
		Unchanged: 
 Data sizes:     COMMON   BANK0   BANK1   BANK3   BANK2
      Params:         0       0       0       0       0
      Locals:         0       0       0       0       0
      Temps:          0       0       0       0       0
      Totals:         0       0       0       0       0
Total ram usage:        0 bytes
 Hardware stack levels used:    1
 Hardware stack levels required when called:    1
 This function calls:
		_setPR2
 This function is called by:
		_main
 This function uses a non-reentrant model


 *************** function _setPR2 *****************
 Defined at:
		line 11 in file "./pwm2.h"
 Parameters:    Size  Location     Type
		None
 Auto vars:     Size  Location     Type
		None
 Return value:  Size  Location     Type
                  1    wreg      void 
 Registers used:
		wreg
 Tracked objects:
		On entry : 
		On exit  : 
		Unchanged: 
 Data sizes:     COMMON   BANK0   BANK1   BANK3   BANK2
      Params:         0       0       0       0       0
      Locals:         0       0       0       0       0
      Temps:          0       0       0       0       0
      Totals:         0       0       0       0       0
Total ram usage:        0 bytes
 Hardware stack levels used:    1
 This function calls:
		Nothing
 This function is called by:
		_pwmInit1
		_pwmInit2
 This function uses a non-reentrant model


 *************** function _pwmDuty1 *****************
 Defined at:
		line 20 in file "./pwm2.h"
 Parameters:    Size  Location     Type
  duty            2   67[BANK0 ] unsigned short 
 Auto vars:     Size  Location     Type
		None
 Return value:  Size  Location     Type
                  1    wreg      void 
 Registers used:
		wreg, status,2, status,0, btemp+1, pclath, cstack
 Tracked objects:
		On entry : 
		On exit  : 
		Unchanged: 
 Data sizes:     COMMON   BANK0   BANK1   BANK3   BANK2
      Params:         0       2       0       0       0
      Locals:         0       0       0       0       0
      Temps:          0       2       0       0       0
      Totals:         0       4       0       0       0
Total ram usage:        4 bytes
 Hardware stack levels used:    1
 Hardware stack levels required when called:    2
 This function calls:
		___fldiv
		___flmul
		___fltol
		___xxtofl
		_pmwMaxDuty
 This function is called by:
		_main
 This function uses a non-reentrant model


 *************** function _pmwMaxDuty *****************
 Defined at:
		line 7 in file "./pwm2.h"
 Parameters:    Size  Location     Type
		None
 Auto vars:     Size  Location     Type
		None
 Return value:  Size  Location     Type
                  4    0[COMMON] long 
 Registers used:
		wreg
 Tracked objects:
		On entry : 
		On exit  : 
		Unchanged: 
 Data sizes:     COMMON   BANK0   BANK1   BANK3   BANK2
      Params:         4       0       0       0       0
      Locals:         0       0       0       0       0
      Temps:          0       0       0       0       0
      Totals:         4       0       0       0       0
Total ram usage:        4 bytes
 Hardware stack levels used:    1
 This function calls:
		Nothing
 This function is called by:
		_pwmDuty1
		_pwmDuty2
 This function uses a non-reentrant model


 *************** function ___xxtofl *****************
 Defined at:
		line 10 in file "C:\Program Files (x86)\Microchip\xc8\v2.05\pic\sources\c90\common\xxtofl.c"
 Parameters:    Size  Location     Type
  sign            1    wreg     unsigned char 
  val             4    4[COMMON] long 
 Auto vars:     Size  Location     Type
  sign            1    0[BANK0 ] unsigned char 
  arg             4    2[BANK0 ] unsigned long 
  exp             1    1[BANK0 ] unsigned char 
 Return value:  Size  Location     Type
                  4    4[COMMON] unsigned char 
 Registers used:
		wreg, status,2, status,0
 Tracked objects:
		On entry : 
		On exit  : 
		Unchanged: 
 Data sizes:     COMMON   BANK0   BANK1   BANK3   BANK2
      Params:         4       0       0       0       0
      Locals:         0       6       0       0       0
      Temps:          4       0       0       0       0
      Totals:         8       6       0       0       0
Total ram usage:       14 bytes
 Hardware stack levels used:    1
 This function calls:
		Nothing
 This function is called by:
		_pwmDuty1
		_pwmDuty2
 This function uses a non-reentrant model


 *************** function ___fltol *****************
 Defined at:
		line 43 in file "C:\Program Files (x86)\Microchip\xc8\v2.05\pic\sources\c90\common\fltol.c"
 Parameters:    Size  Location     Type
  f1              4   58[BANK0 ] unsigned char 
 Auto vars:     Size  Location     Type
  exp1            1   13[COMMON] unsigned char 
  sign1           1   12[COMMON] unsigned char 
 Return value:  Size  Location     Type
                  4   58[BANK0 ] long 
 Registers used:
		wreg, status,2, status,0
 Tracked objects:
		On entry : 
		On exit  : 
		Unchanged: 
 Data sizes:     COMMON   BANK0   BANK1   BANK3   BANK2
      Params:         0       4       0       0       0
      Locals:         2       0       0       0       0
      Temps:          0       5       0       0       0
      Totals:         2       9       0       0       0
Total ram usage:       11 bytes
 Hardware stack levels used:    1
 This function calls:
		Nothing
 This function is called by:
		_pwmDuty1
		_pwmDuty2
 This function uses a non-reentrant model


 *************** function ___flmul *****************
 Defined at:
		line 8 in file "C:\Program Files (x86)\Microchip\xc8\v2.05\pic\sources\c90\common\sprcmul.c"
 Parameters:    Size  Location     Type
  b               4   32[BANK0 ] long 
  a               4   36[BANK0 ] long 
 Auto vars:     Size  Location     Type
  prod            4   52[BANK0 ] struct .
  grs             4   46[BANK0 ] unsigned long 
  temp            2   56[BANK0 ] struct .
  bexp            1   51[BANK0 ] unsigned char 
  aexp            1   50[BANK0 ] unsigned char 
  sign            1   45[BANK0 ] unsigned char 
 Return value:  Size  Location     Type
                  4   32[BANK0 ] unsigned char 
 Registers used:
		wreg, status,2, status,0, btemp+1, pclath, cstack
 Tracked objects:
		On entry : 
		On exit  : 
		Unchanged: 
 Data sizes:     COMMON   BANK0   BANK1   BANK3   BANK2
      Params:         0       8       0       0       0
      Locals:         0      13       0       0       0
      Temps:          0       5       0       0       0
      Totals:         0      26       0       0       0
Total ram usage:       26 bytes
 Hardware stack levels used:    1
 Hardware stack levels required when called:    1
 This function calls:
		__Umul8_16
 This function is called by:
		_pwmDuty1
		_pwmDuty2
 This function uses a non-reentrant model


 *************** function __Umul8_16 *****************
 Defined at:
		line 4 in file "C:\Program Files (x86)\Microchip\xc8\v2.05\pic\sources\c90\common\Umul8_16.c"
 Parameters:    Size  Location     Type
  multiplier      1    wreg     unsigned char 
  multiplicand    1    0[COMMON] unsigned char 
 Auto vars:     Size  Location     Type
  multiplier      1    8[COMMON] unsigned char 
  word_mpld       2    6[COMMON] unsigned int 
  product         2    4[COMMON] unsigned int 
 Return value:  Size  Location     Type
                  2    0[COMMON] unsigned int 
 Registers used:
		wreg, status,2, status,0
 Tracked objects:
		On entry : 
		On exit  : 
		Unchanged: 
 Data sizes:     COMMON   BANK0   BANK1   BANK3   BANK2
      Params:         2       0       0       0       0
      Locals:         5       0       0       0       0
      Temps:          2       0       0       0       0
      Totals:         9       0       0       0       0
Total ram usage:        9 bytes
 Hardware stack levels used:    1
 This function calls:
		Nothing
 This function is called by:
		___flmul
 This function uses a non-reentrant model


 *************** function ___fldiv *****************
 Defined at:
		line 8 in file "C:\Program Files (x86)\Microchip\xc8\v2.05\pic\sources\c90\common\sprcdiv.c"
 Parameters:    Size  Location     Type
  a               4    6[BANK0 ] unsigned int 
  b               4   10[BANK0 ] unsigned int 
 Auto vars:     Size  Location     Type
  grs             4   26[BANK0 ] unsigned long 
  rem             4   19[BANK0 ] unsigned long 
  new_exp         2   24[BANK0 ] int 
  aexp            1   31[BANK0 ] unsigned char 
  bexp            1   30[BANK0 ] unsigned char 
  sign            1   23[BANK0 ] unsigned char 
 Return value:  Size  Location     Type
                  4    6[BANK0 ] unsigned char 
 Registers used:
		wreg, status,2, status,0, btemp+1
 Tracked objects:
		On entry : 
		On exit  : 
		Unchanged: 
 Data sizes:     COMMON   BANK0   BANK1   BANK3   BANK2
      Params:         0       8       0       0       0
      Locals:         0      13       0       0       0
      Temps:          0       5       0       0       0
      Totals:         0      26       0       0       0
Total ram usage:       26 bytes
 Hardware stack levels used:    1
 This function calls:
		Nothing
 This function is called by:
		_pwmDuty1
		_pwmDuty2
 This function uses a non-reentrant model


 *************** function _lcdSetCursor *****************
 Defined at:
		line 56 in file "./lcd.h"
 Parameters:    Size  Location     Type
  a               1    wreg     unsigned char 
  b               1    4[COMMON] unsigned char 
 Auto vars:     Size  Location     Type
  a               1    7[COMMON] unsigned char 
  temp            1   10[COMMON] unsigned char 
  y               1    9[COMMON] unsigned char 
  z               1    8[COMMON] unsigned char 
 Return value:  Size  Location     Type
                  1    wreg      void 
 Registers used:
		wreg, status,2, status,0, pclath, cstack
 Tracked objects:
		On entry : 
		On exit  : 
		Unchanged: 
 Data sizes:     COMMON   BANK0   BANK1   BANK3   BANK2
      Params:         1       0       0       0       0
      Locals:         4       0       0       0       0
      Temps:          2       0       0       0       0
      Totals:         7       0       0       0       0
Total ram usage:        7 bytes
 Hardware stack levels used:    1
 Hardware stack levels required when called:    2
 This function calls:
		_lcdCmd
 This function is called by:
		_main
 This function uses a non-reentrant model


 *************** function _lcdPrint *****************
 Defined at:
		line 108 in file "./lcd.h"
 Parameters:    Size  Location     Type
  a               2    5[COMMON] PTR unsigned char 
		 -> main@entero(16), STR_2(16), STR_1(14), 
 Auto vars:     Size  Location     Type
  i               2   10[COMMON] int 
 Return value:  Size  Location     Type
                  1    wreg      void 
 Registers used:
		wreg, fsr0l, fsr0h, status,2, status,0, btemp+1, pclath, cstack
 Tracked objects:
		On entry : 
		On exit  : 
		Unchanged: 
 Data sizes:     COMMON   BANK0   BANK1   BANK3   BANK2
      Params:         2       0       0       0       0
      Locals:         2       0       0       0       0
      Temps:          3       0       0       0       0
      Totals:         7       0       0       0       0
Total ram usage:        7 bytes
 Hardware stack levels used:    1
 Hardware stack levels required when called:    2
 This function calls:
		_lcdWriteChar
 This function is called by:
		_main
 This function uses a non-reentrant model


 *************** function _lcdWriteChar *****************
 Defined at:
		line 93 in file "./lcd.h"
 Parameters:    Size  Location     Type
  a               1    wreg     unsigned char 
 Auto vars:     Size  Location     Type
  a               1    4[COMMON] unsigned char 
  y               1    3[COMMON] unsigned char 
  temp            1    2[COMMON] unsigned char 
 Return value:  Size  Location     Type
                  1    wreg      void 
 Registers used:
		wreg, status,2, status,0, pclath, cstack
 Tracked objects:
		On entry : 
		On exit  : 
		Unchanged: 
 Data sizes:     COMMON   BANK0   BANK1   BANK3   BANK2
      Params:         0       0       0       0       0
      Locals:         3       0       0       0       0
      Temps:          1       0       0       0       0
      Totals:         4       0       0       0       0
Total ram usage:        4 bytes
 Hardware stack levels used:    1
 Hardware stack levels required when called:    1
 This function calls:
		_lcdPort
 This function is called by:
		_lcdPrint
 This function uses a non-reentrant model


 *************** function _lcdInit *****************
 Defined at:
		line 73 in file "./lcd.h"
 Parameters:    Size  Location     Type
		None
 Auto vars:     Size  Location     Type
		None
 Return value:  Size  Location     Type
                  1    wreg      void 
 Registers used:
		wreg, status,2, status,0, pclath, cstack
 Tracked objects:
		On entry : 
		On exit  : 
		Unchanged: 
 Data sizes:     COMMON   BANK0   BANK1   BANK3   BANK2
      Params:         0       0       0       0       0
      Locals:         0       0       0       0       0
      Temps:          2       0       0       0       0
      Totals:         2       0       0       0       0
Total ram usage:        2 bytes
 Hardware stack levels used:    1
 Hardware stack levels required when called:    2
 This function calls:
		_lcdCmd
		_lcdPort
 This function is called by:
		_main
 This function uses a non-reentrant model


 *************** function _lcdClear *****************
 Defined at:
		line 51 in file "./lcd.h"
 Parameters:    Size  Location     Type
		None
 Auto vars:     Size  Location     Type
		None
 Return value:  Size  Location     Type
                  1    wreg      void 
 Registers used:
		wreg, status,2, status,0, pclath, cstack
 Tracked objects:
		On entry : 
		On exit  : 
		Unchanged: 
 Data sizes:     COMMON   BANK0   BANK1   BANK3   BANK2
      Params:         0       0       0       0       0
      Locals:         0       0       0       0       0
      Temps:          0       0       0       0       0
      Totals:         0       0       0       0       0
Total ram usage:        0 bytes
 Hardware stack levels used:    1
 Hardware stack levels required when called:    2
 This function calls:
		_lcdCmd
 This function is called by:
		_main
 This function uses a non-reentrant model


 *************** function _lcdCmd *****************
 Defined at:
		line 43 in file "./lcd.h"
 Parameters:    Size  Location     Type
  a               1    wreg     unsigned char 
 Auto vars:     Size  Location     Type
  a               1    3[COMMON] unsigned char 
 Return value:  Size  Location     Type
                  1    wreg      void 
 Registers used:
		wreg, status,2, status,0, pclath, cstack
 Tracked objects:
		On entry : 
		On exit  : 
		Unchanged: 
 Data sizes:     COMMON   BANK0   BANK1   BANK3   BANK2
      Params:         0       0       0       0       0
      Locals:         1       0       0       0       0
      Temps:          2       0       0       0       0
      Totals:         3       0       0       0       0
Total ram usage:        3 bytes
 Hardware stack levels used:    1
 Hardware stack levels required when called:    1
 This function calls:
		_lcdPort
 This function is called by:
		_lcdClear
		_lcdSetCursor
		_lcdInit
 This function uses a non-reentrant model


 *************** function _lcdPort *****************
 Defined at:
		line 21 in file "./lcd.h"
 Parameters:    Size  Location     Type
  a               1    wreg     unsigned char 
 Auto vars:     Size  Location     Type
  a               1    0[COMMON] unsigned char 
 Return value:  Size  Location     Type
                  1    wreg      void 
 Registers used:
		wreg
 Tracked objects:
		On entry : 
		On exit  : 
		Unchanged: 
 Data sizes:     COMMON   BANK0   BANK1   BANK3   BANK2
      Params:         0       0       0       0       0
      Locals:         1       0       0       0       0
      Temps:          0       0       0       0       0
      Totals:         1       0       0       0       0
Total ram usage:        1 bytes
 Hardware stack levels used:    1
 This function calls:
		Nothing
 This function is called by:
		_lcdCmd
		_lcdInit
		_lcdWriteChar
 This function uses a non-reentrant model


 *************** function _adcRead *****************
 Defined at:
		line 35 in file "./adc.h"
 Parameters:    Size  Location     Type
  adcChannel      2    0[COMMON] const int 
 Auto vars:     Size  Location     Type
		None
 Return value:  Size  Location     Type
                  2    0[COMMON] int 
 Registers used:
		wreg, status,2, status,0
 Tracked objects:
		On entry : 
		On exit  : 
		Unchanged: 
 Data sizes:     COMMON   BANK0   BANK1   BANK3   BANK2
      Params:         2       0       0       0       0
      Locals:         0       0       0       0       0
      Temps:          2       0       0       0       0
      Totals:         4       0       0       0       0
Total ram usage:        4 bytes
 Hardware stack levels used:    1
 This function calls:
		Nothing
 This function is called by:
		_main
 This function uses a non-reentrant model


 *************** function _adcInit *****************
 Defined at:
		line 1 in file "./adc.h"
 Parameters:    Size  Location     Type
		None
 Auto vars:     Size  Location     Type
		None
 Return value:  Size  Location     Type
                  1    wreg      void 
 Registers used:
		wreg, status,2, status,0
 Tracked objects:
		On entry : 
		On exit  : 
		Unchanged: 
 Data sizes:     COMMON   BANK0   BANK1   BANK3   BANK2
      Params:         0       0       0       0       0
      Locals:         0       0       0       0       0
      Temps:          0       0       0       0       0
      Totals:         0       0       0       0       0
Total ram usage:        0 bytes
 Hardware stack levels used:    1
 This function calls:
		Nothing
 This function is called by:
		_main
 This function uses a non-reentrant model



MODULE INFORMATION

Module		Function		Class		Link	Load	Size
C:\Program Files (x86)\Microchip\xc8\v2.05\pic\sources\c90\common\doprnt.c
		_sprintf       		CODE           	026C	0000	217

C:\Program Files (x86)\Microchip\xc8\v2.05\pic\sources\c90\common\doprnt.c estimated size: 217

./lcd.h
		_lcdSetCursor  		CODE           	0F54	0000	75
		_lcdClear      		CODE           	0DC2	0000	12
		_lcdCmd        		CODE           	0E11	0000	27
		_lcdPort       		CODE           	0DF7	0000	27
		_lcdWriteChar  		CODE           	0EA2	0000	58
		_lcdInit       		CODE           	0F9E	0000	99
		_lcdPrint      		CODE           	0F17	0000	62

./lcd.h estimated size: 360

C:\Program Files (x86)\Microchip\xc8\v2.05\pic\sources\c90\common\lwdiv.c
		___lwdiv       		CODE           	0EDB	0000	61

C:\Program Files (x86)\Microchip\xc8\v2.05\pic\sources\c90\common\lwdiv.c estimated size: 61

C:\Program Files (x86)\Microchip\xc8\v2.05\pic\sources\c90\common\fltol.c
		___fltol       		CODE           	000D	0000	110

C:\Program Files (x86)\Microchip\xc8\v2.05\pic\sources\c90\common\fltol.c estimated size: 110

shared
		__stringtab    		STRING         	0800	0000	17
		_dpowers       		STRING         	0810	0000	11
		__initialization		CODE           	07FC	0000	1

shared estimated size: 29

C:\Program Files (x86)\Microchip\xc8\v2.05\pic\sources\c90\common\sprcmul.c
		___flmul       		CODE           	04E7	0000	790

C:\Program Files (x86)\Microchip\xc8\v2.05\pic\sources\c90\common\sprcmul.c estimated size: 790

C:\Program Files (x86)\Microchip\xc8\v2.05\pic\sources\c90\common\sprcdiv.c
		___fldiv       		CODE           	0344	0000	420

C:\Program Files (x86)\Microchip\xc8\v2.05\pic\sources\c90\common\sprcdiv.c estimated size: 420

C:\Program Files (x86)\Microchip\xc8\v2.05\pic\sources\c90\common\Umul8_16.c
		__Umul8_16     		CODE           	0E4D	0000	36

C:\Program Files (x86)\Microchip\xc8\v2.05\pic\sources\c90\common\Umul8_16.c estimated size: 36

C:\Program Files (x86)\Microchip\xc8\v2.05\pic\sources\c90\common\xxtofl.c
		___xxtofl      		CODE           	00FE	0000	166

C:\Program Files (x86)\Microchip\xc8\v2.05\pic\sources\c90\common\xxtofl.c estimated size: 166

./pwm2.h
		_pmwMaxDuty    		CODE           	0004	0000	10
		_pwmDuty1      		CODE           	007A	0000	133
		_pwmInit1      		CODE           	0DCD	0000	13
		_pwmInit2      		CODE           	0DD9	0000	15
		_setPR2        		CODE           	0DBD	0000	6

./pwm2.h estimated size: 177

main.c
		_main          		CODE           	01A3	0000	202

main.c estimated size: 202

C:\Program Files (x86)\Microchip\xc8\v2.05\pic\sources\c90\common\lwmod.c
		___lwmod       		CODE           	0E70	0000	51

C:\Program Files (x86)\Microchip\xc8\v2.05\pic\sources\c90\common\lwmod.c estimated size: 51

./adc.h
		_adcRead       		CODE           	0E2B	0000	35
		_adcInit       		CODE           	0DE7	0000	17

./adc.h estimated size: 52

