Microchip MPLAB XC8 Compiler V2.05 ()

Linker command line:

-W-3 --edf=C:\Program Files (x86)\Microchip\xc8\v2.05\pic\dat\en_msgs.txt \
  -cs -h+dist/default/production\PWM.X.production.sym \
  --cmf=dist/default/production\PWM.X.production.cmf -z -Q16F877A \
  -oC:\Users\Xizuth\AppData\Local\Temp\s5j4.2 --defsym=__MPLAB_BUILD=1 \
  -Mdist/default/production/PWM.X.production.map -E1 -ver=XC8 --acfsm=1493 \
  -ASTACK=0110h-016Fh -pstack=STACK -ACODE=00h-07FFhx4 -ASTRCODE=00h-01FFFh \
  -ASTRING=00h-0FFhx32 -ACONST=00h-0FFhx32 -AENTRY=00h-0FFhx32 \
  -ACOMMON=070h-07Fh -ABANK0=020h-06Fh -ABANK1=0A0h-0EFh \
  -ABANK2=0110h-016Fh -ABANK3=0190h-01EFh \
  -ARAM=020h-06Fh,0A0h-0EFh,0110h-016Fh,0190h-01EFh \
  -AABS1=020h-07Fh,0A0h-0EFh,0110h-016Fh,0190h-01EFh -ASFR0=00h-01Fh \
  -ASFR1=080h-09Fh -ASFR2=0100h-010Fh -ASFR3=0180h-018Fh \
  -preset_vec=00h,intentry,init,end_init -ppowerup=CODE -pcinit=CODE \
  -pfunctab=ENTRY -ACONFIG=02007h-02007h -pconfig=CONFIG -DCONFIG=2 \
  -AIDLOC=02000h-02003h -pidloc=IDLOC -DIDLOC=2 -AEEDATA=00h-0FFh/02100h \
  -peeprom_data=EEDATA -DEEDATA=2 -DCODE=2 -DSTRCODE=2 -DSTRING=2 -DCONST=2 \
  -DENTRY=2 -k C:\Users\Xizuth\AppData\Local\Temp\s5j4.o \
  dist/default/production\PWM.X.production.o 

Object code version is 3.11

Machine type is 16F877A



                Name                               Link     Load   Length Selector   Space Scale
C:\Users\Xizuth\AppData\Local\Temp\s5j4.o
                end_init                              0        0        3        0       0
dist/default/production\PWM.X.production.o
                cinit                               7FC      7FC        4      FF8       0
                text12                                D        D       10       1A       0
                text11                              EAC      EAC       22     1D58       0
                text10                              F71      F71       8F     1EE2       0
                text9                               EF1      EF1       40     1DE2       0
                text8                               F31      F31       40     1E62       0
                text7                               344      344      1A3      688       0
                text6                               ECE      ECE       23     1D9C       0
                text5                               4E7      4E7      315      9CE       0
                text4                                1D       1D       6D       3A       0
                text3                                8A       8A       A5      114       0
                text2                               12F      12F       AC      25E       0
                text1                               1DB      1DB       AC      3B6       0
                maintext                            287      287       BD      50E       0
                cstackBANK0                          20       20       4F       20       1
                cstackCOMMON                         70       70        D       70       1
                cstackBANK1                          A0       A0        8       A0       1
                nvBANK1                              A8       A8        4       A0       1
                strings                               3        3        7        6       0

TOTAL           Name                               Link     Load   Length     Space
        CLASS   STACK          

        CLASS   CODE           
                end_init                              0        0        3         0
                cinit                               7FC      7FC        4         0
                text12                                D        D       10         0
                text11                              EAC      EAC       22         0
                text10                              F71      F71       8F         0
                text9                               EF1      EF1       40         0
                text8                               F31      F31       40         0
                text7                               344      344      1A3         0
                text6                               ECE      ECE       23         0
                text5                               4E7      4E7      315         0
                text4                                1D       1D       6D         0
                text3                                8A       8A       A5         0
                text2                               12F      12F       AC         0
                text1                               1DB      1DB       AC         0
                maintext                            287      287       BD         0

        CLASS   STRCODE        

        CLASS   STRING         
                strings                               3        3        7         0

        CLASS   CONST          

        CLASS   ENTRY          

        CLASS   COMMON         
                cstackCOMMON                         70       70        D         1

        CLASS   BANK0          
                cstackBANK0                          20       20       4F         1

        CLASS   BANK1          
                cstackBANK1                          A0       A0        8         1
                nvBANK1                              A8       A8        4         1

        CLASS   BANK2          

        CLASS   BANK3          

        CLASS   RAM            

        CLASS   ABS1           
                abs_s1                               7E       7E        2         1

        CLASS   SFR0           

        CLASS   SFR1           

        CLASS   SFR2           

        CLASS   SFR3           

        CLASS   CONFIG         

        CLASS   IDLOC          

        CLASS   EEDATA         



SEGMENTS        Name                           Load    Length   Top    Selector   Space  Class     Delta

                reset_vec                      000000  000003  000003         0       0  CODE        2
                strings                        000003  000007  00000A         6       0  STRING      2
                text12                         00000D  000010  00001D        1A       0  CODE        2
                cstackBANK0                    000020  00004F  00006F        20       1  BANK0       1
                text4                          00001D  00006D  00008A        3A       0  CODE        2
                cstackCOMMON                   000070  00000D  00007D        70       1  COMMON      1
                cstackBANK1                    0000A0  00000C  0000AC        A0       1  BANK1       1
                text3                          00008A  0000A5  00012F       114       0  CODE        2
                text2                          00012F  0000AC  0001DB       25E       0  CODE        2
                text1                          0001DB  0000AC  000287       3B6       0  CODE        2
                maintext                       000287  0000BD  000344       50E       0  CODE        2
                text7                          000344  0001A3  0004E7       688       0  CODE        2
                text5                          0004E7  000315  0007FC       9CE       0  CODE        2
                cinit                          0007FC  000004  000800       FF8       0  CODE        2
                text11                         000EAC  000022  000ECE      1D58       0  CODE        2
                text6                          000ECE  000023  000EF1      1D9C       0  CODE        2
                text9                          000EF1  000040  000F31      1DE2       0  CODE        2
                text8                          000F31  000040  000F71      1E62       0  CODE        2
                text10                         000F71  00008F  001000      1EE2       0  CODE        2


UNUSED ADDRESS RANGES

        Name                Unused          Largest block    Delta
        BANK0            006F-006F              1           1
        BANK1            00AC-00EF             44           1
        BANK2            0110-016F             60           1
        BANK3            0190-01EF             60           1
        CODE             000A-000C              3           2
                         0800-0EAB            6AC
                         1000-1FFF            800
        COMMON           007D-007D              1           1
        CONFIG           2007-2007              1           2
        CONST            000A-000C              3           2
                         0800-0EAB            100
                         1000-1FFF            100
        EEDATA           2100-21FF            100           2
        ENTRY            000A-000C              3           2
                         0800-0EAB            100
                         1000-1FFF            100
        IDLOC            2000-2003              4           2
        RAM              006F-006F              1           1
                         00AC-00EF             44
                         0110-016F             60
                         0190-01EF             60
        SFR0             0000-001F             20           1
        SFR1             0080-009F             20           1
        SFR2             0100-010F             10           1
        SFR3             0180-018F             10           1
        STACK            0110-016F             60           1
        STRCODE          000A-000C              3           2
                         0800-0EAB            6AC
                         1000-1FFF           1000
        STRING           000A-000C              3           2
                         0800-0EAB            100
                         1000-1FFF            100

                                  Symbol Table

?__Umul8_16                cstackCOMMON 0070
?___aldiv                  cstackCOMMON 0070
?___fldiv                  cstackBANK0  0030
?___flmul                  cstackBANK0  004A
?___fltol                  cstackBANK0  0064
?___xxtofl                 cstackBANK0  0026
?_adcRead                  cstackCOMMON 0070
_ADCON0bits                (abs)        001F
_ADCON1bits                (abs)        009F
_ADRESH                    (abs)        001E
_ADRESL                    (abs)        009E
_CCP1M2                    (abs)        00BA
_CCP1M3                    (abs)        00BB
_CCP1X                     (abs)        00BD
_CCP1Y                     (abs)        00BC
_CCP2M2                    (abs)        00EA
_CCP2M3                    (abs)        00EB
_CCP2X                     (abs)        00ED
_CCP2Y                     (abs)        00EC
_CCPR1L                    (abs)        0015
_CCPR2L                    (abs)        001B
_FREQ1                     nvBANK1      00AA
_FREQ2                     nvBANK1      00A8
_PORTB                     (abs)        0006
_PORTBbits                 (abs)        0006
_PORTD                     (abs)        0008
_PORTDbits                 (abs)        0008
_PR2                       (abs)        0092
_T2CKPS0                   (abs)        0090
_T2CKPS1                   (abs)        0091
_TMR2ON                    (abs)        0092
_TRISB                     (abs)        0086
_TRISC1                    (abs)        0439
_TRISC2                    (abs)        043A
_TRISD                     (abs)        0088
__Habs1                    abs1         0000
__Hbank0                   bank0        0000
__Hbank1                   bank1        0000
__Hbank2                   bank2        0000
__Hbank3                   bank3        0000
__Hcinit                   cinit        0800
__Hclrtext                 clrtext      0000
__Hcode                    code         0000
__Hcommon                  common       0000
__Hconfig                  config       0000
__HcstackBANK0             cstackBANK0  0000
__HcstackBANK1             cstackBANK1  0000
__HcstackCOMMON            cstackCOMMON 0000
__Heeprom_data             eeprom_data  0000
__Hend_init                end_init     0003
__Hfunctab                 functab      0000
__Hidloc                   idloc        0000
__Hinit                    init         0000
__Hintentry                intentry     0000
__Hmaintext                maintext     0000
__HnvBANK1                 nvBANK1      0000
__Hpowerup                 powerup      0000
__Hram                     ram          0000
__Hreset_vec               reset_vec    0000
__Hsfr0                    sfr0         0000
__Hsfr1                    sfr1         0000
__Hsfr2                    sfr2         0000
__Hsfr3                    sfr3         0000
__Hspace_0                 (abs)        1000
__Hspace_1                 (abs)        00AC
__Hspace_2                 (abs)        0000
__Hspace_3                 (abs)        0000
__Hstack                   stack        0000
__Hstrings                 strings      0000
__Htext                    text         0000
__Labs1                    abs1         0000
__Lbank0                   bank0        0000
__Lbank1                   bank1        0000
__Lbank2                   bank2        0000
__Lbank3                   bank3        0000
__Lcinit                   cinit        07FC
__Lclrtext                 clrtext      0000
__Lcode                    code         0000
__Lcommon                  common       0000
__Lconfig                  config       0000
__LcstackBANK0             cstackBANK0  0000
__LcstackBANK1             cstackBANK1  0000
__LcstackCOMMON            cstackCOMMON 0000
__Leeprom_data             eeprom_data  0000
__Lend_init                end_init     0000
__Lfunctab                 functab      0000
__Lidloc                   idloc        0000
__Linit                    init         0000
__Lintentry                intentry     0000
__Lmaintext                maintext     0000
__LnvBANK1                 nvBANK1      0000
__Lpowerup                 powerup      0000
__Lram                     ram          0000
__Lreset_vec               reset_vec    0000
__Lsfr0                    sfr0         0000
__Lsfr1                    sfr1         0000
__Lsfr2                    sfr2         0000
__Lsfr3                    sfr3         0000
__Lspace_0                 (abs)        0000
__Lspace_1                 (abs)        0000
__Lspace_2                 (abs)        0000
__Lspace_3                 (abs)        0000
__Lstack                   stack        0000
__Lstrings                 strings      0000
__Ltext                    text         0000
__S0                       (abs)        1000
__S1                       (abs)        00AC
__S2                       (abs)        0000
__S3                       (abs)        0000
__Umul8_16                 text6        0ECE
__Umul8_16@multiplicand    cstackCOMMON 0070
__Umul8_16@multiplier      cstackCOMMON 0078
__Umul8_16@product         cstackCOMMON 0074
__Umul8_16@word_mpld       cstackCOMMON 0076
___aldiv                   text10       0F71
___aldiv@counter           cstackBANK0  0020
___aldiv@dividend          cstackCOMMON 0074
___aldiv@divisor           cstackCOMMON 0070
___aldiv@quotient          cstackBANK0  0022
___aldiv@sign              cstackBANK0  0021
___fldiv                   text7        0344
___fldiv@a                 cstackBANK0  0030
___fldiv@aexp              cstackBANK0  0049
___fldiv@b                 cstackBANK0  0034
___fldiv@bexp              cstackBANK0  0048
___fldiv@grs               cstackBANK0  0044
___fldiv@new_exp           cstackBANK0  0042
___fldiv@rem               cstackBANK0  003D
___fldiv@sign              cstackBANK0  0041
___flmul                   text5        04E7
___flmul@a                 cstackBANK0  004E
___flmul@aexp              cstackBANK0  005C
___flmul@b                 cstackBANK0  004A
___flmul@bexp              cstackBANK0  005D
___flmul@grs               cstackBANK0  0058
___flmul@prod              cstackBANK0  005E
___flmul@sign              cstackBANK0  0057
___flmul@temp              cstackBANK0  0062
___fltol                   text4        001D
___fltol@exp1              cstackBANK0  006E
___fltol@f1                cstackBANK0  0064
___fltol@sign1             cstackBANK0  006D
___int_sp                  stack        0000
___latbits                 (abs)        0002
___sp                      stack        0000
___stackhi                 (abs)        0000
___stacklo                 (abs)        0000
___xxtofl                  text3        008A
___xxtofl@arg              cstackBANK0  002C
___xxtofl@exp              cstackBANK0  002B
___xxtofl@sign             cstackBANK0  002A
___xxtofl@val              cstackBANK0  0026
__end_of__Umul8_16         text6        0EF1
__end_of___aldiv           text10       1000
__end_of___fldiv           text7        04E7
__end_of___flmul           text5        07FC
__end_of___fltol           text4        008A
__end_of___xxtofl          text3        012F
__end_of__initialization   cinit        07FC
__end_of__stringtab        strings      0009
__end_of_adcInit           text12       001D
__end_of_adcRead           text11       0ECE
__end_of_main              maintext     0344
__end_of_pwmInit1          text9        0F31
__end_of_pwmInit2          text8        0F71
__end_of_pwmSetDutyCycle1  text2        01DB
__end_of_pwmSetDutyCycle2  text1        0287
__end_ofmain@delta         strings      000A
__initialization           cinit        07FC
__pcstackBANK0             cstackBANK0  0020
__pcstackBANK1             cstackBANK1  00A0
__pcstackCOMMON            cstackCOMMON 0070
__pmaintext                maintext     0287
__pnvBANK1                 nvBANK1      00A8
__pstrings                 strings      0003
__ptext1                   text1        01DB
__ptext10                  text10       0F71
__ptext11                  text11       0EAC
__ptext12                  text12       000D
__ptext2                   text2        012F
__ptext3                   text3        008A
__ptext4                   text4        001D
__ptext5                   text5        04E7
__ptext6                   text6        0ECE
__ptext7                   text7        0344
__ptext8                   text8        0F31
__ptext9                   text9        0EF1
__size_of__Umul8_16        (abs)        0000
__size_of___aldiv          (abs)        0000
__size_of___fldiv          (abs)        0000
__size_of___flmul          (abs)        0000
__size_of___fltol          (abs)        0000
__size_of___xxtofl         (abs)        0000
__size_of_adcInit          (abs)        0000
__size_of_adcRead          (abs)        0000
__size_of_main             (abs)        0000
__size_of_pwmInit1         (abs)        0000
__size_of_pwmInit2         (abs)        0000
__size_of_pwmSetDutyCycle1 (abs)        0000
__size_of_pwmSetDutyCycle2 (abs)        0000
__stringbase               strings      0008
__stringtab                strings      0003
_adcInit                   text12       000D
_adcRead                   text11       0EAC
_main                      maintext     0287
_pwmInit1                  text9        0EF1
_pwmInit2                  text8        0F31
_pwmSetDutyCycle1          text2        012F
_pwmSetDutyCycle2          text1        01DB
adcRead@adcChannel         cstackCOMMON 0070
btemp                      (abs)        007E
end_of_initialization      cinit        07FC
intlevel0                  functab      0000
intlevel1                  functab      0000
intlevel2                  functab      0000
intlevel3                  functab      0000
intlevel4                  functab      0000
intlevel5                  functab      0000
main@duty1                 cstackBANK1  00A6
pwmInit1@freq              cstackBANK0  0026
pwmInit2@freq              cstackBANK0  0026
pwmSetDutyCycle1@duty      cstackBANK1  00A0
pwmSetDutyCycle2@duty      cstackBANK1  00A0
reset_vec                  reset_vec    0000
start                      init         0000
start_initialization       cinit        07FC
wtemp0                     (abs)        007E


FUNCTION INFORMATION:

 *************** function _main *****************
 Defined at:
		line 7 in file "main.c"
 Parameters:    Size  Location     Type
		None
 Auto vars:     Size  Location     Type
  duty1           2    6[BANK1 ] unsigned int 
 Return value:  Size  Location     Type
                  1    wreg      void 
 Registers used:
		wreg, status,2, status,0, btemp+1, pclath, cstack
 Tracked objects:
		On entry : 
		On exit  : 
		Unchanged: 
 Data sizes:     COMMON   BANK0   BANK1   BANK3   BANK2
      Params:         0       0       0       0       0
      Locals:         0       0       2       0       0
      Temps:          0       0       2       0       0
      Totals:         0       0       4       0       0
Total ram usage:        4 bytes
 Hardware stack levels required when called:    3
 This function calls:
		_adcInit
		_adcRead
		_pwmInit1
		_pwmInit2
		_pwmSetDutyCycle1
		_pwmSetDutyCycle2
 This function is called by:
		Startup code after reset
 This function uses a non-reentrant model


 *************** function _pwmSetDutyCycle2 *****************
 Defined at:
		line 35 in file "./pwm.h"
 Parameters:    Size  Location     Type
  duty            2    0[BANK1 ] unsigned int 
 Auto vars:     Size  Location     Type
		None
 Return value:  Size  Location     Type
                  1    wreg      void 
 Registers used:
		wreg, status,2, status,0, btemp+1, pclath, cstack
 Tracked objects:
		On entry : 
		On exit  : 
		Unchanged: 
 Data sizes:     COMMON   BANK0   BANK1   BANK3   BANK2
      Params:         0       0       2       0       0
      Locals:         0       0       0       0       0
      Temps:          0       0       2       0       0
      Totals:         0       0       4       0       0
Total ram usage:        4 bytes
 Hardware stack levels used:    1
 Hardware stack levels required when called:    2
 This function calls:
		___aldiv
		___fldiv
		___flmul
		___fltol
		___xxtofl
 This function is called by:
		_main
 This function uses a non-reentrant model


 *************** function _pwmSetDutyCycle1 *****************
 Defined at:
		line 27 in file "./pwm.h"
 Parameters:    Size  Location     Type
  duty            2    0[BANK1 ] unsigned int 
 Auto vars:     Size  Location     Type
		None
 Return value:  Size  Location     Type
                  1    wreg      void 
 Registers used:
		wreg, status,2, status,0, btemp+1, pclath, cstack
 Tracked objects:
		On entry : 
		On exit  : 
		Unchanged: 
 Data sizes:     COMMON   BANK0   BANK1   BANK3   BANK2
      Params:         0       0       2       0       0
      Locals:         0       0       0       0       0
      Temps:          0       0       2       0       0
      Totals:         0       0       4       0       0
Total ram usage:        4 bytes
 Hardware stack levels used:    1
 Hardware stack levels required when called:    2
 This function calls:
		___aldiv
		___fldiv
		___flmul
		___fltol
		___xxtofl
 This function is called by:
		_main
 This function uses a non-reentrant model


 *************** function ___xxtofl *****************
 Defined at:
		line 10 in file "C:\Program Files (x86)\Microchip\xc8\v2.05\pic\sources\c90\common\xxtofl.c"
 Parameters:    Size  Location     Type
  sign            1    wreg     unsigned char 
  val             4    6[BANK0 ] long 
 Auto vars:     Size  Location     Type
  sign            1   10[BANK0 ] unsigned char 
  arg             4   12[BANK0 ] unsigned long 
  exp             1   11[BANK0 ] unsigned char 
 Return value:  Size  Location     Type
                  4    6[BANK0 ] unsigned char 
 Registers used:
		wreg, status,2, status,0
 Tracked objects:
		On entry : 
		On exit  : 
		Unchanged: 
 Data sizes:     COMMON   BANK0   BANK1   BANK3   BANK2
      Params:         0       4       0       0       0
      Locals:         0       6       0       0       0
      Temps:          4       0       0       0       0
      Totals:         4      10       0       0       0
Total ram usage:       14 bytes
 Hardware stack levels used:    1
 This function calls:
		Nothing
 This function is called by:
		_pwmSetDutyCycle1
		_pwmSetDutyCycle2
 This function uses a non-reentrant model


 *************** function ___fltol *****************
 Defined at:
		line 43 in file "C:\Program Files (x86)\Microchip\xc8\v2.05\pic\sources\c90\common\fltol.c"
 Parameters:    Size  Location     Type
  f1              4   68[BANK0 ] unsigned char 
 Auto vars:     Size  Location     Type
  exp1            1   78[BANK0 ] unsigned char 
  sign1           1   77[BANK0 ] unsigned char 
 Return value:  Size  Location     Type
                  4   68[BANK0 ] long 
 Registers used:
		wreg, status,2, status,0
 Tracked objects:
		On entry : 
		On exit  : 
		Unchanged: 
 Data sizes:     COMMON   BANK0   BANK1   BANK3   BANK2
      Params:         0       4       0       0       0
      Locals:         0       2       0       0       0
      Temps:          0       5       0       0       0
      Totals:         0      11       0       0       0
Total ram usage:       11 bytes
 Hardware stack levels used:    1
 This function calls:
		Nothing
 This function is called by:
		_pwmSetDutyCycle1
		_pwmSetDutyCycle2
 This function uses a non-reentrant model


 *************** function ___flmul *****************
 Defined at:
		line 8 in file "C:\Program Files (x86)\Microchip\xc8\v2.05\pic\sources\c90\common\sprcmul.c"
 Parameters:    Size  Location     Type
  b               4   42[BANK0 ] long 
  a               4   46[BANK0 ] long 
 Auto vars:     Size  Location     Type
  prod            4   62[BANK0 ] struct .
  grs             4   56[BANK0 ] unsigned long 
  temp            2   66[BANK0 ] struct .
  bexp            1   61[BANK0 ] unsigned char 
  aexp            1   60[BANK0 ] unsigned char 
  sign            1   55[BANK0 ] unsigned char 
 Return value:  Size  Location     Type
                  4   42[BANK0 ] unsigned char 
 Registers used:
		wreg, status,2, status,0, btemp+1, pclath, cstack
 Tracked objects:
		On entry : 
		On exit  : 
		Unchanged: 
 Data sizes:     COMMON   BANK0   BANK1   BANK3   BANK2
      Params:         0       8       0       0       0
      Locals:         0      13       0       0       0
      Temps:          0       5       0       0       0
      Totals:         0      26       0       0       0
Total ram usage:       26 bytes
 Hardware stack levels used:    1
 Hardware stack levels required when called:    1
 This function calls:
		__Umul8_16
 This function is called by:
		_pwmSetDutyCycle1
		_pwmSetDutyCycle2
 This function uses a non-reentrant model


 *************** function __Umul8_16 *****************
 Defined at:
		line 4 in file "C:\Program Files (x86)\Microchip\xc8\v2.05\pic\sources\c90\common\Umul8_16.c"
 Parameters:    Size  Location     Type
  multiplier      1    wreg     unsigned char 
  multiplicand    1    0[COMMON] unsigned char 
 Auto vars:     Size  Location     Type
  multiplier      1    8[COMMON] unsigned char 
  word_mpld       2    6[COMMON] unsigned int 
  product         2    4[COMMON] unsigned int 
 Return value:  Size  Location     Type
                  2    0[COMMON] unsigned int 
 Registers used:
		wreg, status,2, status,0
 Tracked objects:
		On entry : 
		On exit  : 
		Unchanged: 
 Data sizes:     COMMON   BANK0   BANK1   BANK3   BANK2
      Params:         2       0       0       0       0
      Locals:         5       0       0       0       0
      Temps:          2       0       0       0       0
      Totals:         9       0       0       0       0
Total ram usage:        9 bytes
 Hardware stack levels used:    1
 This function calls:
		Nothing
 This function is called by:
		___flmul
 This function uses a non-reentrant model


 *************** function ___fldiv *****************
 Defined at:
		line 8 in file "C:\Program Files (x86)\Microchip\xc8\v2.05\pic\sources\c90\common\sprcdiv.c"
 Parameters:    Size  Location     Type
  a               4   16[BANK0 ] unsigned int 
  b               4   20[BANK0 ] unsigned int 
 Auto vars:     Size  Location     Type
  grs             4   36[BANK0 ] unsigned long 
  rem             4   29[BANK0 ] unsigned long 
  new_exp         2   34[BANK0 ] int 
  aexp            1   41[BANK0 ] unsigned char 
  bexp            1   40[BANK0 ] unsigned char 
  sign            1   33[BANK0 ] unsigned char 
 Return value:  Size  Location     Type
                  4   16[BANK0 ] unsigned char 
 Registers used:
		wreg, status,2, status,0, btemp+1
 Tracked objects:
		On entry : 
		On exit  : 
		Unchanged: 
 Data sizes:     COMMON   BANK0   BANK1   BANK3   BANK2
      Params:         0       8       0       0       0
      Locals:         0      13       0       0       0
      Temps:          0       5       0       0       0
      Totals:         0      26       0       0       0
Total ram usage:       26 bytes
 Hardware stack levels used:    1
 This function calls:
		Nothing
 This function is called by:
		_pwmSetDutyCycle1
		_pwmSetDutyCycle2
 This function uses a non-reentrant model


 *************** function _pwmInit2 *****************
 Defined at:
		line 16 in file "./pwm.h"
 Parameters:    Size  Location     Type
  freq            2    6[BANK0 ] const unsigned int 
 Auto vars:     Size  Location     Type
		None
 Return value:  Size  Location     Type
                  1    wreg      void 
 Registers used:
		wreg, status,2, status,0, pclath, cstack
 Tracked objects:
		On entry : 
		On exit  : 
		Unchanged: 
 Data sizes:     COMMON   BANK0   BANK1   BANK3   BANK2
      Params:         0       2       0       0       0
      Locals:         0       0       0       0       0
      Temps:          2       0       0       0       0
      Totals:         2       2       0       0       0
Total ram usage:        4 bytes
 Hardware stack levels used:    1
 Hardware stack levels required when called:    1
 This function calls:
		___aldiv
 This function is called by:
		_main
 This function uses a non-reentrant model


 *************** function _pwmInit1 *****************
 Defined at:
		line 6 in file "./pwm.h"
 Parameters:    Size  Location     Type
  freq            2    6[BANK0 ] const unsigned int 
 Auto vars:     Size  Location     Type
		None
 Return value:  Size  Location     Type
                  1    wreg      void 
 Registers used:
		wreg, status,2, status,0, pclath, cstack
 Tracked objects:
		On entry : 
		On exit  : 
		Unchanged: 
 Data sizes:     COMMON   BANK0   BANK1   BANK3   BANK2
      Params:         0       2       0       0       0
      Locals:         0       0       0       0       0
      Temps:          2       0       0       0       0
      Totals:         2       2       0       0       0
Total ram usage:        4 bytes
 Hardware stack levels used:    1
 Hardware stack levels required when called:    1
 This function calls:
		___aldiv
 This function is called by:
		_main
 This function uses a non-reentrant model


 *************** function ___aldiv *****************
 Defined at:
		line 5 in file "C:\Program Files (x86)\Microchip\xc8\v2.05\pic\sources\c90\common\aldiv.c"
 Parameters:    Size  Location     Type
  divisor         4    0[COMMON] long 
  dividend        4    4[COMMON] long 
 Auto vars:     Size  Location     Type
  quotient        4    2[BANK0 ] long 
  sign            1    1[BANK0 ] unsigned char 
  counter         1    0[BANK0 ] unsigned char 
 Return value:  Size  Location     Type
                  4    0[COMMON] long 
 Registers used:
		wreg, status,2, status,0
 Tracked objects:
		On entry : 
		On exit  : 
		Unchanged: 
 Data sizes:     COMMON   BANK0   BANK1   BANK3   BANK2
      Params:         8       0       0       0       0
      Locals:         0       6       0       0       0
      Temps:          1       0       0       0       0
      Totals:         9       6       0       0       0
Total ram usage:       15 bytes
 Hardware stack levels used:    1
 This function calls:
		Nothing
 This function is called by:
		_pwmInit1
		_pwmInit2
		_pwmSetDutyCycle1
		_pwmSetDutyCycle2
 This function uses a non-reentrant model


 *************** function _adcRead *****************
 Defined at:
		line 35 in file "./adc.h"
 Parameters:    Size  Location     Type
  adcChannel      2    0[COMMON] const int 
 Auto vars:     Size  Location     Type
		None
 Return value:  Size  Location     Type
                  2    0[COMMON] int 
 Registers used:
		wreg, status,2, status,0
 Tracked objects:
		On entry : 
		On exit  : 
		Unchanged: 
 Data sizes:     COMMON   BANK0   BANK1   BANK3   BANK2
      Params:         2       0       0       0       0
      Locals:         0       0       0       0       0
      Temps:          2       0       0       0       0
      Totals:         4       0       0       0       0
Total ram usage:        4 bytes
 Hardware stack levels used:    1
 This function calls:
		Nothing
 This function is called by:
		_main
 This function uses a non-reentrant model


 *************** function _adcInit *****************
 Defined at:
		line 1 in file "./adc.h"
 Parameters:    Size  Location     Type
		None
 Auto vars:     Size  Location     Type
		None
 Return value:  Size  Location     Type
                  1    wreg      void 
 Registers used:
		wreg, status,2, status,0
 Tracked objects:
		On entry : 
		On exit  : 
		Unchanged: 
 Data sizes:     COMMON   BANK0   BANK1   BANK3   BANK2
      Params:         0       0       0       0       0
      Locals:         0       0       0       0       0
      Temps:          0       0       0       0       0
      Totals:         0       0       0       0       0
Total ram usage:        0 bytes
 Hardware stack levels used:    1
 This function calls:
		Nothing
 This function is called by:
		_main
 This function uses a non-reentrant model



MODULE INFORMATION

Module		Function		Class		Link	Load	Size
C:\Program Files (x86)\Microchip\xc8\v2.05\pic\sources\c90\common\fltol.c
		___fltol       		CODE           	001D	0000	110

C:\Program Files (x86)\Microchip\xc8\v2.05\pic\sources\c90\common\fltol.c estimated size: 110

shared
		__stringtab    		STRING         	0003	0000	7
		__initialization		CODE           	07FC	0000	1
		main@delta     		STRING         	0000	0000	0

shared estimated size: 8

C:\Program Files (x86)\Microchip\xc8\v2.05\pic\sources\c90\common\sprcmul.c
		___flmul       		CODE           	04E7	0000	790

C:\Program Files (x86)\Microchip\xc8\v2.05\pic\sources\c90\common\sprcmul.c estimated size: 790

C:\Program Files (x86)\Microchip\xc8\v2.05\pic\sources\c90\common\aldiv.c
		___aldiv       		CODE           	0F71	0000	144

C:\Program Files (x86)\Microchip\xc8\v2.05\pic\sources\c90\common\aldiv.c estimated size: 144

C:\Program Files (x86)\Microchip\xc8\v2.05\pic\sources\c90\common\sprcdiv.c
		___fldiv       		CODE           	0344	0000	420

C:\Program Files (x86)\Microchip\xc8\v2.05\pic\sources\c90\common\sprcdiv.c estimated size: 420

C:\Program Files (x86)\Microchip\xc8\v2.05\pic\sources\c90\common\Umul8_16.c
		__Umul8_16     		CODE           	0ECE	0000	36

C:\Program Files (x86)\Microchip\xc8\v2.05\pic\sources\c90\common\Umul8_16.c estimated size: 36

C:\Program Files (x86)\Microchip\xc8\v2.05\pic\sources\c90\common\xxtofl.c
		___xxtofl      		CODE           	008A	0000	166

C:\Program Files (x86)\Microchip\xc8\v2.05\pic\sources\c90\common\xxtofl.c estimated size: 166

main.c
		_main          		CODE           	0287	0000	190

main.c estimated size: 190

./pwm.h
		_pwmSetDutyCycle1		CODE           	012F	0000	173
		_pwmSetDutyCycle2		CODE           	01DB	0000	173
		_pwmInit1      		CODE           	0EF1	0000	65
		_pwmInit2      		CODE           	0F31	0000	65

./pwm.h estimated size: 476

./adc.h
		_adcRead       		CODE           	0EAC	0000	35
		_adcInit       		CODE           	000D	0000	17

./adc.h estimated size: 52

