Microchip MPLAB XC8 Compiler V2.05 ()

Linker command line:

-W-3 --edf=C:\Program Files (x86)\Microchip\xc8\v2.05\pic\dat\en_msgs.txt \
  -cs -h+dist/default/production\ServoPWM.X.production.sym \
  --cmf=dist/default/production\ServoPWM.X.production.cmf -z -Q16F877A \
  -oC:\Users\Xizuth\AppData\Local\Temp\s5fo.2 --defsym=__MPLAB_BUILD=1 \
  -Mdist/default/production/ServoPWM.X.production.map -E1 -ver=XC8 \
  --acfsm=1493 -ASTACK=0110h-016Fh -pstack=STACK -ACODE=00h-07FFhx4 \
  -ASTRCODE=00h-01FFFh -ASTRING=00h-0FFhx32 -ACONST=00h-0FFhx32 \
  -AENTRY=00h-0FFhx32 -ACOMMON=070h-07Fh -ABANK0=020h-06Fh \
  -ABANK1=0A0h-0EFh -ABANK2=0110h-016Fh -ABANK3=0190h-01EFh \
  -ARAM=020h-06Fh,0A0h-0EFh,0110h-016Fh,0190h-01EFh \
  -AABS1=020h-07Fh,0A0h-0EFh,0110h-016Fh,0190h-01EFh -ASFR0=00h-01Fh \
  -ASFR1=080h-09Fh -ASFR2=0100h-010Fh -ASFR3=0180h-018Fh \
  -preset_vec=00h,intentry,init,end_init -ppowerup=CODE -pcinit=CODE \
  -pfunctab=ENTRY -ACONFIG=02007h-02007h -pconfig=CONFIG -DCONFIG=2 \
  -AIDLOC=02000h-02003h -pidloc=IDLOC -DIDLOC=2 -AEEDATA=00h-0FFh/02100h \
  -peeprom_data=EEDATA -DEEDATA=2 -DCODE=2 -DSTRCODE=2 -DSTRING=2 -DCONST=2 \
  -DENTRY=2 -k C:\Users\Xizuth\AppData\Local\Temp\s5fo.o \
  dist/default/production\ServoPWM.X.production.o 

Object code version is 3.11

Machine type is 16F877A



                Name                               Link     Load   Length Selector   Space Scale
C:\Users\Xizuth\AppData\Local\Temp\s5fo.o
                end_init                              0        0        3        0       0
                config                             2007     2007        1     400E       0
dist/default/production\ServoPWM.X.production.o
                cinit                               7F5      7F5        B      FEA       0
                text21                              E07      E07       10     1C0E       0
                text20                              E78      E78       22     1CF0       0
                text19                              DEF      DEF        5     1BDE       0
                text18                              E5B      E5B       1D     1CB6       0
                text17                              E17      E17       10     1C2E       0
                text16                              E27      E27       1A     1C4E       0
                text15                              E41      E41       1A     1C82       0
                text14                              DFC      DFC        B     1BF8       0
                text13                              F9F      F9F       61     1F3E       0
                text12                              EEF      EEF       37     1DDE       0
                text11                              F62      F62       3D     1EC4       0
                text10                                5        5       4A        A       0
                text9                               33D      33D      1A3      67A       0
                text8                               E9A      E9A       23     1D34       0
                text7                               4E0      4E0      315      9C0       0
                text6                                4F       4F       6D       9E       0
                text5                               1C2      1C2       A3      384       0
                text4                                BC       BC       6F      178       0
                text3                               F26      F26       3C     1E4C       0
                text2                               EBD      EBD       32     1D7A       0
                text1                               265      265       D8      4CA       0
                maintext                            12B      12B       97      256       0
                cstackBANK0                          20       20       48       20       1
                cstackCOMMON                         70       70        E       70       1
                clrtext                             DF4      DF4        8     1BE8       0
                bssBANK1                             A0       A0       10       A0       1
                strings                             800      800       36     1000       0

TOTAL           Name                               Link     Load   Length     Space
        CLASS   STACK          

        CLASS   CODE           
                end_init                              0        0        3         0
                cinit                               7F5      7F5        B         0
                text21                              E07      E07       10         0
                text20                              E78      E78       22         0
                text19                              DEF      DEF        5         0
                text18                              E5B      E5B       1D         0
                text17                              E17      E17       10         0
                text16                              E27      E27       1A         0
                text15                              E41      E41       1A         0
                text14                              DFC      DFC        B         0
                text13                              F9F      F9F       61         0
                text12                              EEF      EEF       37         0
                text11                              F62      F62       3D         0
                text10                                5        5       4A         0
                text9                               33D      33D      1A3         0
                text8                               E9A      E9A       23         0
                text7                               4E0      4E0      315         0
                text6                                4F       4F       6D         0
                text5                               1C2      1C2       A3         0
                text4                                BC       BC       6F         0
                text3                               F26      F26       3C         0
                text2                               EBD      EBD       32         0
                text1                               265      265       D8         0
                maintext                            12B      12B       97         0
                clrtext                             DF4      DF4        8         0

        CLASS   STRCODE        

        CLASS   STRING         
                strings                             800      800       36         0

        CLASS   CONST          

        CLASS   ENTRY          

        CLASS   COMMON         
                cstackCOMMON                         70       70        E         1

        CLASS   BANK0          
                cstackBANK0                          20       20       48         1

        CLASS   BANK1          
                bssBANK1                             A0       A0       10         1

        CLASS   BANK2          

        CLASS   BANK3          

        CLASS   RAM            

        CLASS   ABS1           
                abs_s1                               7E       7E        2         1

        CLASS   SFR0           

        CLASS   SFR1           

        CLASS   SFR2           

        CLASS   SFR3           

        CLASS   CONFIG         
                config                             2007     2007        1         0

        CLASS   IDLOC          

        CLASS   EEDATA         



SEGMENTS        Name                           Load    Length   Top    Selector   Space  Class     Delta

                reset_vec                      000000  000003  000003         0       0  CODE        2
                text10                         000005  00004A  00004F         A       0  CODE        2
                cstackBANK0                    000020  000048  000068        20       1  BANK0       1
                cstackCOMMON                   000070  00000E  00007E        70       1  COMMON      1
                text6                          00004F  00006D  0000BC        9E       0  CODE        2
                bssBANK1                       0000A0  000010  0000B0        A0       1  BANK1       1
                text4                          0000BC  00006F  00012B       178       0  CODE        2
                maintext                       00012B  000097  0001C2       256       0  CODE        2
                text5                          0001C2  0000A3  000265       384       0  CODE        2
                text1                          000265  0000D8  00033D       4CA       0  CODE        2
                text9                          00033D  0001A3  0004E0       67A       0  CODE        2
                text7                          0004E0  000315  0007F5       9C0       0  CODE        2
                cinit                          0007F5  00000B  000800       FEA       0  CODE        2
                strings                        000800  000036  000836      1000       0  STRING      2
                text19                         000DEF  000005  000DF4      1BDE       0  CODE        2
                clrtext                        000DF4  000008  000DFC      1BE8       0  CODE        2
                text14                         000DFC  00000B  000E07      1BF8       0  CODE        2
                text21                         000E07  000010  000E17      1C0E       0  CODE        2
                text17                         000E17  000010  000E27      1C2E       0  CODE        2
                text16                         000E27  00001A  000E41      1C4E       0  CODE        2
                text15                         000E41  00001A  000E5B      1C82       0  CODE        2
                text18                         000E5B  00001D  000E78      1CB6       0  CODE        2
                text20                         000E78  000022  000E9A      1CF0       0  CODE        2
                text8                          000E9A  000023  000EBD      1D34       0  CODE        2
                text2                          000EBD  000032  000EEF      1D7A       0  CODE        2
                text12                         000EEF  000037  000F26      1DDE       0  CODE        2
                text3                          000F26  00003C  000F62      1E4C       0  CODE        2
                text11                         000F62  00003D  000F9F      1EC4       0  CODE        2
                text13                         000F9F  000061  001000      1F3E       0  CODE        2
                config                         002007  000001  002008      400E       0  CONFIG      2


UNUSED ADDRESS RANGES

        Name                Unused          Largest block    Delta
        BANK0            0068-006F              8           1
        BANK1            00B0-00EF             40           1
        BANK2            0110-016F             60           1
        BANK3            0190-01EF             60           1
        CODE             0003-0004              2           2
                         0836-0DEE            5B9
                         1000-1FFF            800
        CONST            0003-0004              2           2
                         0836-0DEE            100
                         1000-1FFF            100
        EEDATA           2100-21FF            100           2
        ENTRY            0003-0004              2           2
                         0836-0DEE            100
                         1000-1FFF            100
        IDLOC            2000-2003              4           2
        RAM              0068-006F              8           1
                         00B0-00EF             40
                         0110-016F             60
                         0190-01EF             60
        SFR0             0000-001F             20           1
        SFR1             0080-009F             20           1
        SFR2             0100-010F             10           1
        SFR3             0180-018F             10           1
        STACK            0110-016F             60           1
        STRCODE          0003-0004              2           2
                         0836-0DEE            5B9
                         1000-1FFF           1000
        STRING           0003-0004              2           2
                         0836-0DEE            100
                         1000-1FFF            100

                                  Symbol Table

?__Umul8_16              cstackCOMMON 0070
?___fldiv                cstackBANK0  0020
?___flmul                cstackBANK0  003A
?___fltol                cstackBANK0  0054
?___lwdiv                cstackCOMMON 0070
?___lwmod                cstackCOMMON 0078
?___xxtofl               cstackCOMMON 0070
?_adcRead                cstackCOMMON 0070
?_sprintf                cstackBANK0  0020
_ADCON0bits              (abs)        001F
_ADCON1bits              (abs)        009F
_ADRESH                  (abs)        001E
_ADRESL                  (abs)        009E
_CCP1M2                  (abs)        00BA
_CCP1M3                  (abs)        00BB
_CCP1X                   (abs)        00BD
_CCP1Y                   (abs)        00BC
_CCP2M2                  (abs)        00EA
_CCP2M3                  (abs)        00EB
_CCP2X                   (abs)        00ED
_CCP2Y                   (abs)        00EC
_CCPR1L                  (abs)        0015
_CCPR2L                  (abs)        001B
_PORTD                   (abs)        0008
_PR2                     (abs)        0092
_RD2                     (abs)        0042
_RD3                     (abs)        0043
_RD4                     (abs)        0044
_RD5                     (abs)        0045
_RD6                     (abs)        0046
_RD7                     (abs)        0047
_T2CKPS0                 (abs)        0090
_T2CKPS1                 (abs)        0091
_TMR2ON                  (abs)        0092
_TRISC1                  (abs)        0439
_TRISC2                  (abs)        043A
_TRISD                   (abs)        0088
__CFG_BOREN$OFF          (abs)        0000
__CFG_CP$OFF             (abs)        0000
__CFG_CPD$OFF            (abs)        0000
__CFG_FOSC$XT            (abs)        0000
__CFG_LVP$OFF            (abs)        0000
__CFG_PWRTE$OFF          (abs)        0000
__CFG_WDTE$OFF           (abs)        0000
__CFG_WRT$OFF            (abs)        0000
__Habs1                  abs1         0000
__Hbank0                 bank0        0000
__Hbank1                 bank1        0000
__Hbank2                 bank2        0000
__Hbank3                 bank3        0000
__HbssBANK1              bssBANK1     0000
__Hcinit                 cinit        0800
__Hclrtext               clrtext      0000
__Hcode                  code         0000
__Hcommon                common       0000
__Hconfig                config       2008
__HcstackBANK0           cstackBANK0  0000
__HcstackCOMMON          cstackCOMMON 0000
__Heeprom_data           eeprom_data  0000
__Hend_init              end_init     0003
__Hfunctab               functab      0000
__Hidloc                 idloc        0000
__Hinit                  init         0000
__Hintentry              intentry     0000
__Hmaintext              maintext     0000
__Hpowerup               powerup      0000
__Hram                   ram          0000
__Hreset_vec             reset_vec    0000
__Hsfr0                  sfr0         0000
__Hsfr1                  sfr1         0000
__Hsfr2                  sfr2         0000
__Hsfr3                  sfr3         0000
__Hspace_0               (abs)        2008
__Hspace_1               (abs)        00B0
__Hspace_2               (abs)        0000
__Hspace_3               (abs)        0000
__Hstack                 stack        0000
__Hstrings               strings      0000
__Htext                  text         0000
__Labs1                  abs1         0000
__Lbank0                 bank0        0000
__Lbank1                 bank1        0000
__Lbank2                 bank2        0000
__Lbank3                 bank3        0000
__LbssBANK1              bssBANK1     0000
__Lcinit                 cinit        07F5
__Lclrtext               clrtext      0000
__Lcode                  code         0000
__Lcommon                common       0000
__Lconfig                config       2007
__LcstackBANK0           cstackBANK0  0000
__LcstackCOMMON          cstackCOMMON 0000
__Leeprom_data           eeprom_data  0000
__Lend_init              end_init     0000
__Lfunctab               functab      0000
__Lidloc                 idloc        0000
__Linit                  init         0000
__Lintentry              intentry     0000
__Lmaintext              maintext     0000
__Lpowerup               powerup      0000
__Lram                   ram          0000
__Lreset_vec             reset_vec    0000
__Lsfr0                  sfr0         0000
__Lsfr1                  sfr1         0000
__Lsfr2                  sfr2         0000
__Lsfr3                  sfr3         0000
__Lspace_0               (abs)        0000
__Lspace_1               (abs)        0000
__Lspace_2               (abs)        0000
__Lspace_3               (abs)        0000
__Lstack                 stack        0000
__Lstrings               strings      0000
__Ltext                  text         0000
__S0                     (abs)        2008
__S1                     (abs)        00B0
__S2                     (abs)        0000
__S3                     (abs)        0000
__Umul8_16               text8        0E9A
__Umul8_16@multiplicand  cstackCOMMON 0070
__Umul8_16@multiplier    cstackCOMMON 0078
__Umul8_16@product       cstackCOMMON 0074
__Umul8_16@word_mpld     cstackCOMMON 0076
___fldiv                 text9        033D
___fldiv@a               cstackBANK0  0020
___fldiv@aexp            cstackBANK0  0039
___fldiv@b               cstackBANK0  0024
___fldiv@bexp            cstackBANK0  0038
___fldiv@grs             cstackBANK0  0034
___fldiv@new_exp         cstackBANK0  0032
___fldiv@rem             cstackBANK0  002D
___fldiv@sign            cstackBANK0  0031
___flmul                 text7        04E0
___flmul@a               cstackBANK0  003E
___flmul@aexp            cstackBANK0  004C
___flmul@b               cstackBANK0  003A
___flmul@bexp            cstackBANK0  004D
___flmul@grs             cstackBANK0  0048
___flmul@prod            cstackBANK0  004E
___flmul@sign            cstackBANK0  0047
___flmul@temp            cstackBANK0  0052
___fltol                 text6        004F
___fltol@exp1            cstackBANK0  005E
___fltol@f1              cstackBANK0  0054
___fltol@sign1           cstackBANK0  005D
___int_sp                stack        0000
___latbits               (abs)        0002
___lwdiv                 text3        0F26
___lwdiv@counter         cstackCOMMON 0077
___lwdiv@dividend        cstackCOMMON 0072
___lwdiv@divisor         cstackCOMMON 0070
___lwdiv@quotient        cstackCOMMON 0075
___lwmod                 text2        0EBD
___lwmod@counter         cstackCOMMON 007D
___lwmod@dividend        cstackCOMMON 007A
___lwmod@divisor         cstackCOMMON 0078
___sp                    stack        0000
___stackhi               (abs)        0000
___stacklo               (abs)        0000
___xxtofl                text5        01C2
___xxtofl@arg            cstackCOMMON 007A
___xxtofl@exp            cstackCOMMON 0079
___xxtofl@sign           cstackCOMMON 0078
___xxtofl@val            cstackCOMMON 0070
__end_of__Umul8_16       text8        0EBD
__end_of___fldiv         text9        04E0
__end_of___flmul         text7        07F5
__end_of___fltol         text6        00BC
__end_of___lwdiv         text3        0F62
__end_of___lwmod         text2        0EEF
__end_of___xxtofl        text5        0265
__end_of__initialization cinit        07FC
__end_of__stringtab      strings      0810
__end_of_adcInit         text21       0E17
__end_of_adcRead         text20       0E9A
__end_of_dpowers         strings      081A
__end_of_initServos      text17       0E27
__end_of_lcdClear        text14       0E07
__end_of_lcdCmd          text15       0E5B
__end_of_lcdInit         text13       1000
__end_of_lcdPort         text16       0E41
__end_of_lcdPrint        text11       0F9F
__end_of_lcdSetCursor    text10       004F
__end_of_lcdWriteChar    text12       0F26
__end_of_main            maintext     01C2
__end_of_pwmSetDuty1     text4        012B
__end_of_setPR2          text19       0DF4
__end_of_setTMR2         text18       0E78
__end_of_sprintf         text1        033D
__initialization         cinit        07F5
__pbssBANK1              bssBANK1     00A0
__pcstackBANK0           cstackBANK0  0020
__pcstackCOMMON          cstackCOMMON 0070
__pmaintext              maintext     012B
__pstrings               strings      0800
__ptext1                 text1        0265
__ptext10                text10       0005
__ptext11                text11       0F62
__ptext12                text12       0EEF
__ptext13                text13       0F9F
__ptext14                text14       0DFC
__ptext15                text15       0E41
__ptext16                text16       0E27
__ptext17                text17       0E17
__ptext18                text18       0E5B
__ptext19                text19       0DEF
__ptext2                 text2        0EBD
__ptext20                text20       0E78
__ptext21                text21       0E07
__ptext3                 text3        0F26
__ptext4                 text4        00BC
__ptext5                 text5        01C2
__ptext6                 text6        004F
__ptext7                 text7        04E0
__ptext8                 text8        0E9A
__ptext9                 text9        033D
__size_of__Umul8_16      (abs)        0000
__size_of___fldiv        (abs)        0000
__size_of___flmul        (abs)        0000
__size_of___fltol        (abs)        0000
__size_of___lwdiv        (abs)        0000
__size_of___lwmod        (abs)        0000
__size_of___xxtofl       (abs)        0000
__size_of_adcInit        (abs)        0000
__size_of_adcRead        (abs)        0000
__size_of_initServos     (abs)        0000
__size_of_lcdClear       (abs)        0000
__size_of_lcdCmd         (abs)        0000
__size_of_lcdInit        (abs)        0000
__size_of_lcdPort        (abs)        0000
__size_of_lcdPrint       (abs)        0000
__size_of_lcdSetCursor   (abs)        0000
__size_of_lcdWriteChar   (abs)        0000
__size_of_main           (abs)        0000
__size_of_pwmSetDuty1    (abs)        0000
__size_of_setPR2         (abs)        0000
__size_of_setTMR2        (abs)        0000
__size_of_sprintf        (abs)        0000
__stringbase             strings      080F
__stringtab              strings      0800
_adcInit                 text21       0E07
_adcRead                 text20       0E78
_dpowers                 strings      0810
_initServos              text17       0E17
_lcdClear                text14       0DFC
_lcdCmd                  text15       0E41
_lcdInit                 text13       0F9F
_lcdPort                 text16       0E27
_lcdPrint                text11       0F62
_lcdSetCursor            text10       0005
_lcdWriteChar            text12       0EEF
_main                    maintext     012B
_mensaje                 bssBANK1     00A0
_pwmSetDuty1             text4        00BC
_setPR2                  text19       0DEF
_setTMR2                 text18       0E5B
_sprintf                 text1        0265
adcRead@adcChannel       cstackCOMMON 0070
btemp                    (abs)        007E
clear_ram0               clrtext      0DF4
end_of_initialization    cinit        07FC
intlevel0                functab      0000
intlevel1                functab      0000
intlevel2                functab      0000
intlevel3                functab      0000
intlevel4                functab      0000
intlevel5                functab      0000
lcdCmd@a                 cstackCOMMON 0073
lcdPort@a                cstackCOMMON 0070
lcdPrint@a               cstackCOMMON 0075
lcdPrint@i               cstackCOMMON 007A
lcdSetCursor@a           cstackCOMMON 0077
lcdSetCursor@b           cstackCOMMON 0074
lcdSetCursor@temp        cstackCOMMON 007A
lcdSetCursor@y           cstackCOMMON 0079
lcdSetCursor@z           cstackCOMMON 0078
lcdWriteChar@a           cstackCOMMON 0074
lcdWriteChar@temp        cstackCOMMON 0072
lcdWriteChar@y           cstackCOMMON 0073
main@servo1              cstackBANK0  0066
pwmSetDuty1@duty         cstackBANK0  005F
reset_vec                reset_vec    0000
setTMR2@pwm              cstackCOMMON 0070
sprintf@ap               cstackBANK0  0026
sprintf@c                cstackBANK0  002C
sprintf@f                cstackBANK0  0020
sprintf@flag             cstackBANK0  0027
sprintf@prec             cstackBANK0  0028
sprintf@sp               cstackBANK0  002B
sprintf@val              cstackBANK0  0029
start                    init         0000
start_initialization     cinit        07F5
wtemp0                   (abs)        007E


FUNCTION INFORMATION:

 *************** function _main *****************
 Defined at:
		line 8 in file "main.c"
 Parameters:    Size  Location     Type
		None
 Auto vars:     Size  Location     Type
  servo1          2   70[BANK0 ] unsigned int 
 Return value:  Size  Location     Type
                  1    wreg      void 
 Registers used:
		wreg, fsr0l, fsr0h, status,2, status,0, btemp+1, pclath, cstack
 Tracked objects:
		On entry : 
		On exit  : 
		Unchanged: 
 Data sizes:     COMMON   BANK0   BANK1   BANK3   BANK2
      Params:         0       0       0       0       0
      Locals:         0       2       0       0       0
      Temps:          0       3       0       0       0
      Totals:         0       5       0       0       0
Total ram usage:        5 bytes
 Hardware stack levels required when called:    3
 This function calls:
		_adcInit
		_adcRead
		_initServos
		_lcdClear
		_lcdInit
		_lcdPrint
		_lcdSetCursor
		_pwmSetDuty1
		_sprintf
 This function is called by:
		Startup code after reset
 This function uses a non-reentrant model


 *************** function _sprintf *****************
 Defined at:
		line 500 in file "C:\Program Files (x86)\Microchip\xc8\v2.05\pic\sources\c90\common\doprnt.c"
 Parameters:    Size  Location     Type
  sp              1    wreg     PTR unsigned char 
		 -> mensaje(16), 
  f               1    0[BANK0 ] PTR const unsigned char 
		 -> STR_3(8), 
 Auto vars:     Size  Location     Type
  sp              1   11[BANK0 ] PTR unsigned char 
		 -> mensaje(16), 
  tmpval          4    0        struct .
  val             2    9[BANK0 ] unsigned int 
  cp              2    0        PTR const unsigned char 
  len             2    0        unsigned int 
  c               1   12[BANK0 ] unsigned char 
  prec            1    8[BANK0 ] char 
  flag            1    7[BANK0 ] unsigned char 
  ap              1    6[BANK0 ] PTR void [1]
		 -> ?_sprintf(2), 
 Return value:  Size  Location     Type
                  2    0[BANK0 ] int 
 Registers used:
		wreg, fsr0l, fsr0h, status,2, status,0, btemp+1, pclath, cstack
 Tracked objects:
		On entry : 
		On exit  : 
		Unchanged: 
 Data sizes:     COMMON   BANK0   BANK1   BANK3   BANK2
      Params:         0       3       0       0       0
      Locals:         0       7       0       0       0
      Temps:          0       3       0       0       0
      Totals:         0      13       0       0       0
Total ram usage:       13 bytes
 Hardware stack levels used:    1
 Hardware stack levels required when called:    1
 This function calls:
		___lwdiv
		___lwmod
 This function is called by:
		_main
 This function uses a non-reentrant model


 *************** function ___lwmod *****************
 Defined at:
		line 5 in file "C:\Program Files (x86)\Microchip\xc8\v2.05\pic\sources\c90\common\lwmod.c"
 Parameters:    Size  Location     Type
  divisor         2    8[COMMON] unsigned int 
  dividend        2   10[COMMON] unsigned int 
 Auto vars:     Size  Location     Type
  counter         1   13[COMMON] unsigned char 
 Return value:  Size  Location     Type
                  2    8[COMMON] unsigned int 
 Registers used:
		wreg, status,2, status,0
 Tracked objects:
		On entry : 
		On exit  : 
		Unchanged: 
 Data sizes:     COMMON   BANK0   BANK1   BANK3   BANK2
      Params:         4       0       0       0       0
      Locals:         1       0       0       0       0
      Temps:          1       0       0       0       0
      Totals:         6       0       0       0       0
Total ram usage:        6 bytes
 Hardware stack levels used:    1
 This function calls:
		Nothing
 This function is called by:
		_sprintf
 This function uses a non-reentrant model


 *************** function ___lwdiv *****************
 Defined at:
		line 5 in file "C:\Program Files (x86)\Microchip\xc8\v2.05\pic\sources\c90\common\lwdiv.c"
 Parameters:    Size  Location     Type
  divisor         2    0[COMMON] unsigned int 
  dividend        2    2[COMMON] unsigned int 
 Auto vars:     Size  Location     Type
  quotient        2    5[COMMON] unsigned int 
  counter         1    7[COMMON] unsigned char 
 Return value:  Size  Location     Type
                  2    0[COMMON] unsigned int 
 Registers used:
		wreg, status,2, status,0
 Tracked objects:
		On entry : 
		On exit  : 
		Unchanged: 
 Data sizes:     COMMON   BANK0   BANK1   BANK3   BANK2
      Params:         4       0       0       0       0
      Locals:         3       0       0       0       0
      Temps:          1       0       0       0       0
      Totals:         8       0       0       0       0
Total ram usage:        8 bytes
 Hardware stack levels used:    1
 This function calls:
		Nothing
 This function is called by:
		_sprintf
 This function uses a non-reentrant model


 *************** function _pwmSetDuty1 *****************
 Defined at:
		line 31 in file "./servo_pwm.h"
 Parameters:    Size  Location     Type
  duty            2   63[BANK0 ] unsigned int 
 Auto vars:     Size  Location     Type
		None
 Return value:  Size  Location     Type
                  1    wreg      void 
 Registers used:
		wreg, status,2, status,0, btemp+1, pclath, cstack
 Tracked objects:
		On entry : 
		On exit  : 
		Unchanged: 
 Data sizes:     COMMON   BANK0   BANK1   BANK3   BANK2
      Params:         0       2       0       0       0
      Locals:         0       0       0       0       0
      Temps:          0       2       0       0       0
      Totals:         0       4       0       0       0
Total ram usage:        4 bytes
 Hardware stack levels used:    1
 Hardware stack levels required when called:    2
 This function calls:
		___fldiv
		___flmul
		___fltol
		___xxtofl
 This function is called by:
		_main
 This function uses a non-reentrant model


 *************** function ___xxtofl *****************
 Defined at:
		line 10 in file "C:\Program Files (x86)\Microchip\xc8\v2.05\pic\sources\c90\common\xxtofl.c"
 Parameters:    Size  Location     Type
  sign            1    wreg     unsigned char 
  val             4    0[COMMON] long 
 Auto vars:     Size  Location     Type
  sign            1    8[COMMON] unsigned char 
  arg             4   10[COMMON] unsigned long 
  exp             1    9[COMMON] unsigned char 
 Return value:  Size  Location     Type
                  4    0[COMMON] unsigned char 
 Registers used:
		wreg, status,2, status,0
 Tracked objects:
		On entry : 
		On exit  : 
		Unchanged: 
 Data sizes:     COMMON   BANK0   BANK1   BANK3   BANK2
      Params:         4       0       0       0       0
      Locals:         6       0       0       0       0
      Temps:          4       0       0       0       0
      Totals:        14       0       0       0       0
Total ram usage:       14 bytes
 Hardware stack levels used:    1
 This function calls:
		Nothing
 This function is called by:
		_pwmSetDuty1
		_pwmSetDuty2
 This function uses a non-reentrant model


 *************** function ___fltol *****************
 Defined at:
		line 43 in file "C:\Program Files (x86)\Microchip\xc8\v2.05\pic\sources\c90\common\fltol.c"
 Parameters:    Size  Location     Type
  f1              4   52[BANK0 ] unsigned char 
 Auto vars:     Size  Location     Type
  exp1            1   62[BANK0 ] unsigned char 
  sign1           1   61[BANK0 ] unsigned char 
 Return value:  Size  Location     Type
                  4   52[BANK0 ] long 
 Registers used:
		wreg, status,2, status,0
 Tracked objects:
		On entry : 
		On exit  : 
		Unchanged: 
 Data sizes:     COMMON   BANK0   BANK1   BANK3   BANK2
      Params:         0       4       0       0       0
      Locals:         0       2       0       0       0
      Temps:          0       5       0       0       0
      Totals:         0      11       0       0       0
Total ram usage:       11 bytes
 Hardware stack levels used:    1
 This function calls:
		Nothing
 This function is called by:
		_pwmSetDuty1
		_pwmSetDuty2
 This function uses a non-reentrant model


 *************** function ___flmul *****************
 Defined at:
		line 8 in file "C:\Program Files (x86)\Microchip\xc8\v2.05\pic\sources\c90\common\sprcmul.c"
 Parameters:    Size  Location     Type
  b               4   26[BANK0 ] long 
  a               4   30[BANK0 ] long 
 Auto vars:     Size  Location     Type
  prod            4   46[BANK0 ] struct .
  grs             4   40[BANK0 ] unsigned long 
  temp            2   50[BANK0 ] struct .
  bexp            1   45[BANK0 ] unsigned char 
  aexp            1   44[BANK0 ] unsigned char 
  sign            1   39[BANK0 ] unsigned char 
 Return value:  Size  Location     Type
                  4   26[BANK0 ] unsigned char 
 Registers used:
		wreg, status,2, status,0, btemp+1, pclath, cstack
 Tracked objects:
		On entry : 
		On exit  : 
		Unchanged: 
 Data sizes:     COMMON   BANK0   BANK1   BANK3   BANK2
      Params:         0       8       0       0       0
      Locals:         0      13       0       0       0
      Temps:          0       5       0       0       0
      Totals:         0      26       0       0       0
Total ram usage:       26 bytes
 Hardware stack levels used:    1
 Hardware stack levels required when called:    1
 This function calls:
		__Umul8_16
 This function is called by:
		_pwmSetDuty1
		_pwmSetDuty2
 This function uses a non-reentrant model


 *************** function __Umul8_16 *****************
 Defined at:
		line 4 in file "C:\Program Files (x86)\Microchip\xc8\v2.05\pic\sources\c90\common\Umul8_16.c"
 Parameters:    Size  Location     Type
  multiplier      1    wreg     unsigned char 
  multiplicand    1    0[COMMON] unsigned char 
 Auto vars:     Size  Location     Type
  multiplier      1    8[COMMON] unsigned char 
  word_mpld       2    6[COMMON] unsigned int 
  product         2    4[COMMON] unsigned int 
 Return value:  Size  Location     Type
                  2    0[COMMON] unsigned int 
 Registers used:
		wreg, status,2, status,0
 Tracked objects:
		On entry : 
		On exit  : 
		Unchanged: 
 Data sizes:     COMMON   BANK0   BANK1   BANK3   BANK2
      Params:         2       0       0       0       0
      Locals:         5       0       0       0       0
      Temps:          2       0       0       0       0
      Totals:         9       0       0       0       0
Total ram usage:        9 bytes
 Hardware stack levels used:    1
 This function calls:
		Nothing
 This function is called by:
		___flmul
 This function uses a non-reentrant model


 *************** function ___fldiv *****************
 Defined at:
		line 8 in file "C:\Program Files (x86)\Microchip\xc8\v2.05\pic\sources\c90\common\sprcdiv.c"
 Parameters:    Size  Location     Type
  a               4    0[BANK0 ] unsigned int 
  b               4    4[BANK0 ] unsigned int 
 Auto vars:     Size  Location     Type
  grs             4   20[BANK0 ] unsigned long 
  rem             4   13[BANK0 ] unsigned long 
  new_exp         2   18[BANK0 ] int 
  aexp            1   25[BANK0 ] unsigned char 
  bexp            1   24[BANK0 ] unsigned char 
  sign            1   17[BANK0 ] unsigned char 
 Return value:  Size  Location     Type
                  4    0[BANK0 ] unsigned char 
 Registers used:
		wreg, status,2, status,0, btemp+1
 Tracked objects:
		On entry : 
		On exit  : 
		Unchanged: 
 Data sizes:     COMMON   BANK0   BANK1   BANK3   BANK2
      Params:         0       8       0       0       0
      Locals:         0      13       0       0       0
      Temps:          0       5       0       0       0
      Totals:         0      26       0       0       0
Total ram usage:       26 bytes
 Hardware stack levels used:    1
 This function calls:
		Nothing
 This function is called by:
		_pwmSetDuty1
		_pwmSetDuty2
 This function uses a non-reentrant model


 *************** function _lcdSetCursor *****************
 Defined at:
		line 56 in file "./lcd.h"
 Parameters:    Size  Location     Type
  a               1    wreg     unsigned char 
  b               1    4[COMMON] unsigned char 
 Auto vars:     Size  Location     Type
  a               1    7[COMMON] unsigned char 
  temp            1   10[COMMON] unsigned char 
  y               1    9[COMMON] unsigned char 
  z               1    8[COMMON] unsigned char 
 Return value:  Size  Location     Type
                  1    wreg      void 
 Registers used:
		wreg, status,2, status,0, pclath, cstack
 Tracked objects:
		On entry : 
		On exit  : 
		Unchanged: 
 Data sizes:     COMMON   BANK0   BANK1   BANK3   BANK2
      Params:         1       0       0       0       0
      Locals:         4       0       0       0       0
      Temps:          2       0       0       0       0
      Totals:         7       0       0       0       0
Total ram usage:        7 bytes
 Hardware stack levels used:    1
 Hardware stack levels required when called:    2
 This function calls:
		_lcdCmd
 This function is called by:
		_main
 This function uses a non-reentrant model


 *************** function _lcdPrint *****************
 Defined at:
		line 108 in file "./lcd.h"
 Parameters:    Size  Location     Type
  a               2    5[COMMON] PTR unsigned char 
		 -> mensaje(16), STR_2(7), STR_1(13), 
 Auto vars:     Size  Location     Type
  i               2   10[COMMON] int 
 Return value:  Size  Location     Type
                  1    wreg      void 
 Registers used:
		wreg, fsr0l, fsr0h, status,2, status,0, btemp+1, pclath, cstack
 Tracked objects:
		On entry : 
		On exit  : 
		Unchanged: 
 Data sizes:     COMMON   BANK0   BANK1   BANK3   BANK2
      Params:         2       0       0       0       0
      Locals:         2       0       0       0       0
      Temps:          3       0       0       0       0
      Totals:         7       0       0       0       0
Total ram usage:        7 bytes
 Hardware stack levels used:    1
 Hardware stack levels required when called:    2
 This function calls:
		_lcdWriteChar
 This function is called by:
		_main
 This function uses a non-reentrant model


 *************** function _lcdWriteChar *****************
 Defined at:
		line 93 in file "./lcd.h"
 Parameters:    Size  Location     Type
  a               1    wreg     unsigned char 
 Auto vars:     Size  Location     Type
  a               1    4[COMMON] unsigned char 
  y               1    3[COMMON] unsigned char 
  temp            1    2[COMMON] unsigned char 
 Return value:  Size  Location     Type
                  1    wreg      void 
 Registers used:
		wreg, status,2, status,0, pclath, cstack
 Tracked objects:
		On entry : 
		On exit  : 
		Unchanged: 
 Data sizes:     COMMON   BANK0   BANK1   BANK3   BANK2
      Params:         0       0       0       0       0
      Locals:         3       0       0       0       0
      Temps:          1       0       0       0       0
      Totals:         4       0       0       0       0
Total ram usage:        4 bytes
 Hardware stack levels used:    1
 Hardware stack levels required when called:    1
 This function calls:
		_lcdPort
 This function is called by:
		_lcdPrint
 This function uses a non-reentrant model


 *************** function _lcdInit *****************
 Defined at:
		line 73 in file "./lcd.h"
 Parameters:    Size  Location     Type
		None
 Auto vars:     Size  Location     Type
		None
 Return value:  Size  Location     Type
                  1    wreg      void 
 Registers used:
		wreg, status,2, status,0, pclath, cstack
 Tracked objects:
		On entry : 
		On exit  : 
		Unchanged: 
 Data sizes:     COMMON   BANK0   BANK1   BANK3   BANK2
      Params:         0       0       0       0       0
      Locals:         0       0       0       0       0
      Temps:          2       0       0       0       0
      Totals:         2       0       0       0       0
Total ram usage:        2 bytes
 Hardware stack levels used:    1
 Hardware stack levels required when called:    2
 This function calls:
		_lcdCmd
		_lcdPort
 This function is called by:
		_main
 This function uses a non-reentrant model


 *************** function _lcdClear *****************
 Defined at:
		line 51 in file "./lcd.h"
 Parameters:    Size  Location     Type
		None
 Auto vars:     Size  Location     Type
		None
 Return value:  Size  Location     Type
                  1    wreg      void 
 Registers used:
		wreg, status,2, status,0, pclath, cstack
 Tracked objects:
		On entry : 
		On exit  : 
		Unchanged: 
 Data sizes:     COMMON   BANK0   BANK1   BANK3   BANK2
      Params:         0       0       0       0       0
      Locals:         0       0       0       0       0
      Temps:          0       0       0       0       0
      Totals:         0       0       0       0       0
Total ram usage:        0 bytes
 Hardware stack levels used:    1
 Hardware stack levels required when called:    2
 This function calls:
		_lcdCmd
 This function is called by:
		_main
 This function uses a non-reentrant model


 *************** function _lcdCmd *****************
 Defined at:
		line 43 in file "./lcd.h"
 Parameters:    Size  Location     Type
  a               1    wreg     unsigned char 
 Auto vars:     Size  Location     Type
  a               1    3[COMMON] unsigned char 
 Return value:  Size  Location     Type
                  1    wreg      void 
 Registers used:
		wreg, status,2, status,0, pclath, cstack
 Tracked objects:
		On entry : 
		On exit  : 
		Unchanged: 
 Data sizes:     COMMON   BANK0   BANK1   BANK3   BANK2
      Params:         0       0       0       0       0
      Locals:         1       0       0       0       0
      Temps:          2       0       0       0       0
      Totals:         3       0       0       0       0
Total ram usage:        3 bytes
 Hardware stack levels used:    1
 Hardware stack levels required when called:    1
 This function calls:
		_lcdPort
 This function is called by:
		_lcdClear
		_lcdSetCursor
		_lcdInit
 This function uses a non-reentrant model


 *************** function _lcdPort *****************
 Defined at:
		line 21 in file "./lcd.h"
 Parameters:    Size  Location     Type
  a               1    wreg     unsigned char 
 Auto vars:     Size  Location     Type
  a               1    0[COMMON] unsigned char 
 Return value:  Size  Location     Type
                  1    wreg      void 
 Registers used:
		wreg
 Tracked objects:
		On entry : 
		On exit  : 
		Unchanged: 
 Data sizes:     COMMON   BANK0   BANK1   BANK3   BANK2
      Params:         0       0       0       0       0
      Locals:         1       0       0       0       0
      Temps:          0       0       0       0       0
      Totals:         1       0       0       0       0
Total ram usage:        1 bytes
 Hardware stack levels used:    1
 This function calls:
		Nothing
 This function is called by:
		_lcdCmd
		_lcdInit
		_lcdWriteChar
 This function uses a non-reentrant model


 *************** function _initServos *****************
 Defined at:
		line 25 in file "./servo_pwm.h"
 Parameters:    Size  Location     Type
		None
 Auto vars:     Size  Location     Type
		None
 Return value:  Size  Location     Type
                  1    wreg      void 
 Registers used:
		wreg, status,2, status,0, pclath, cstack
 Tracked objects:
		On entry : 
		On exit  : 
		Unchanged: 
 Data sizes:     COMMON   BANK0   BANK1   BANK3   BANK2
      Params:         0       0       0       0       0
      Locals:         0       0       0       0       0
      Temps:          0       0       0       0       0
      Totals:         0       0       0       0       0
Total ram usage:        0 bytes
 Hardware stack levels used:    1
 Hardware stack levels required when called:    1
 This function calls:
		_setPR2
		_setTMR2
 This function is called by:
		_main
 This function uses a non-reentrant model


 *************** function _setTMR2 *****************
 Defined at:
		line 48 in file "./servo_pwm.h"
 Parameters:    Size  Location     Type
  pwm             1    wreg     const unsigned char 
 Auto vars:     Size  Location     Type
  pwm             1    0[COMMON] const unsigned char 
 Return value:  Size  Location     Type
                  1    wreg      void 
 Registers used:
		wreg, status,2, status,0
 Tracked objects:
		On entry : 
		On exit  : 
		Unchanged: 
 Data sizes:     COMMON   BANK0   BANK1   BANK3   BANK2
      Params:         0       0       0       0       0
      Locals:         1       0       0       0       0
      Temps:          0       0       0       0       0
      Totals:         1       0       0       0       0
Total ram usage:        1 bytes
 Hardware stack levels used:    1
 This function calls:
		Nothing
 This function is called by:
		_initServos
 This function uses a non-reentrant model


 *************** function _setPR2 *****************
 Defined at:
		line 21 in file "./servo_pwm.h"
 Parameters:    Size  Location     Type
		None
 Auto vars:     Size  Location     Type
		None
 Return value:  Size  Location     Type
                  1    wreg      void 
 Registers used:
		wreg
 Tracked objects:
		On entry : 
		On exit  : 
		Unchanged: 
 Data sizes:     COMMON   BANK0   BANK1   BANK3   BANK2
      Params:         0       0       0       0       0
      Locals:         0       0       0       0       0
      Temps:          0       0       0       0       0
      Totals:         0       0       0       0       0
Total ram usage:        0 bytes
 Hardware stack levels used:    1
 This function calls:
		Nothing
 This function is called by:
		_initServos
 This function uses a non-reentrant model


 *************** function _adcRead *****************
 Defined at:
		line 35 in file "./adc.h"
 Parameters:    Size  Location     Type
  adcChannel      2    0[COMMON] const int 
 Auto vars:     Size  Location     Type
		None
 Return value:  Size  Location     Type
                  2    0[COMMON] int 
 Registers used:
		wreg, status,2, status,0
 Tracked objects:
		On entry : 
		On exit  : 
		Unchanged: 
 Data sizes:     COMMON   BANK0   BANK1   BANK3   BANK2
      Params:         2       0       0       0       0
      Locals:         0       0       0       0       0
      Temps:          2       0       0       0       0
      Totals:         4       0       0       0       0
Total ram usage:        4 bytes
 Hardware stack levels used:    1
 This function calls:
		Nothing
 This function is called by:
		_main
 This function uses a non-reentrant model


 *************** function _adcInit *****************
 Defined at:
		line 1 in file "./adc.h"
 Parameters:    Size  Location     Type
		None
 Auto vars:     Size  Location     Type
		None
 Return value:  Size  Location     Type
                  1    wreg      void 
 Registers used:
		wreg, status,2, status,0
 Tracked objects:
		On entry : 
		On exit  : 
		Unchanged: 
 Data sizes:     COMMON   BANK0   BANK1   BANK3   BANK2
      Params:         0       0       0       0       0
      Locals:         0       0       0       0       0
      Temps:          0       0       0       0       0
      Totals:         0       0       0       0       0
Total ram usage:        0 bytes
 Hardware stack levels used:    1
 This function calls:
		Nothing
 This function is called by:
		_main
 This function uses a non-reentrant model



MODULE INFORMATION

Module		Function		Class		Link	Load	Size
./servo_pwm.h
		_initServos    		CODE           	0E17	0000	17
		_setTMR2       		CODE           	0E5B	0000	30
		_setPR2        		CODE           	0DEF	0000	6
		_pwmSetDuty1   		CODE           	00BC	0000	112

./servo_pwm.h estimated size: 165

C:\Program Files (x86)\Microchip\xc8\v2.05\pic\sources\c90\common\doprnt.c
		_sprintf       		CODE           	0265	0000	217

C:\Program Files (x86)\Microchip\xc8\v2.05\pic\sources\c90\common\doprnt.c estimated size: 217

./lcd.h
		_lcdSetCursor  		CODE           	0005	0000	75
		_lcdClear      		CODE           	0DFC	0000	12
		_lcdCmd        		CODE           	0E41	0000	27
		_lcdPort       		CODE           	0E27	0000	27
		_lcdWriteChar  		CODE           	0EEF	0000	56
		_lcdInit       		CODE           	0F9F	0000	98
		_lcdPrint      		CODE           	0F62	0000	62

./lcd.h estimated size: 357

C:\Program Files (x86)\Microchip\xc8\v2.05\pic\sources\c90\common\lwdiv.c
		___lwdiv       		CODE           	0F26	0000	61

C:\Program Files (x86)\Microchip\xc8\v2.05\pic\sources\c90\common\lwdiv.c estimated size: 61

C:\Program Files (x86)\Microchip\xc8\v2.05\pic\sources\c90\common\fltol.c
		___fltol       		CODE           	004F	0000	110

C:\Program Files (x86)\Microchip\xc8\v2.05\pic\sources\c90\common\fltol.c estimated size: 110

shared
		__stringtab    		STRING         	0800	0000	17
		_dpowers       		STRING         	0810	0000	11
		__initialization		CODE           	07F5	0000	8

shared estimated size: 36

C:\Program Files (x86)\Microchip\xc8\v2.05\pic\sources\c90\common\sprcmul.c
		___flmul       		CODE           	04E0	0000	790

C:\Program Files (x86)\Microchip\xc8\v2.05\pic\sources\c90\common\sprcmul.c estimated size: 790

C:\Program Files (x86)\Microchip\xc8\v2.05\pic\sources\c90\common\sprcdiv.c
		___fldiv       		CODE           	033D	0000	420

C:\Program Files (x86)\Microchip\xc8\v2.05\pic\sources\c90\common\sprcdiv.c estimated size: 420

C:\Program Files (x86)\Microchip\xc8\v2.05\pic\sources\c90\common\Umul8_16.c
		__Umul8_16     		CODE           	0E9A	0000	36

C:\Program Files (x86)\Microchip\xc8\v2.05\pic\sources\c90\common\Umul8_16.c estimated size: 36

C:\Program Files (x86)\Microchip\xc8\v2.05\pic\sources\c90\common\xxtofl.c
		___xxtofl      		CODE           	01C2	0000	164

C:\Program Files (x86)\Microchip\xc8\v2.05\pic\sources\c90\common\xxtofl.c estimated size: 164

main.c
		_main          		CODE           	012B	0000	152

main.c estimated size: 152

C:\Program Files (x86)\Microchip\xc8\v2.05\pic\sources\c90\common\lwmod.c
		___lwmod       		CODE           	0EBD	0000	51

C:\Program Files (x86)\Microchip\xc8\v2.05\pic\sources\c90\common\lwmod.c estimated size: 51

./adc.h
		_adcRead       		CODE           	0E78	0000	35
		_adcInit       		CODE           	0E07	0000	17

./adc.h estimated size: 52

